[0.013s][info][gc] Using Serial
[1.024s][info][gc] GC(0) Pause Young (Allocation Failure) 3M->1M(11M) 3.208ms
[42.267s][info][gc] GC(1) Pause Young (Allocation Failure) 4M->2M(11M) 3.034ms
[42.332s][info][gc] GC(2) Pause Young (Allocation Failure) 5M->3M(11M) 1.941ms
[42.372s][info][gc] GC(3) Pause Young (Allocation Failure) 6M->4M(11M) 2.951ms
[42.415s][info][gc] GC(4) Pause Young (Allocation Failure) 7M->4M(11M) 1.528ms
[43.396s][info][gc] GC(5) Pause Young (Allocation Failure) 7M->5M(11M) 2.735ms
[43.506s][info][gc] GC(6) Pause Young (Allocation Failure) 8M->5M(11M) 2.791ms
[58.533s][info][gc] GC(7) Pause Young (Allocation Failure) 8M->5M(11M) 1.946ms
[69.433s][info][gc] GC(8) Pause Young (Allocation Failure) 8M->7M(11M) 1.420ms
[69.437s][info][gc] GC(9) Pause Young (Allocation Failure) 10M->10M(11M) 0.041ms
[69.452s][info][gc] GC(10) Pause Full (Allocation Failure) 10M->6M(11M) 14.311ms
[69.473s][info][gc] GC(11) Pause Young (Allocation Failure) 9M->9M(11M) 0.032ms
[69.488s][info][gc] GC(12) Pause Full (Allocation Failure) 9M->6M(11M) 14.262ms
[69.491s][info][gc] GC(13) Pause Young (Allocation Failure) 9M->9M(11M) 0.027ms
[69.503s][info][gc] GC(14) Pause Full (Allocation Failure) 9M->6M(11M) 11.239ms
[69.507s][info][gc] GC(15) Pause Young (Allocation Failure) 9M->9M(11M) 0.034ms
[69.519s][info][gc] GC(16) Pause Full (Allocation Failure) 9M->6M(11M) 12.545ms
[69.523s][info][gc] GC(17) Pause Young (Allocation Failure) 9M->6M(11M) 0.232ms
[69.527s][info][gc] GC(18) Pause Young (Allocation Failure) 9M->6M(11M) 0.440ms
[69.531s][info][gc] GC(19) Pause Young (Allocation Failure) 9M->6M(11M) 0.393ms
[69.534s][info][gc] GC(20) Pause Young (Allocation Failure) 9M->6M(11M) 0.222ms
[79.538s][info][gc] GC(21) Pause Young (Allocation Failure) 9M->6M(11M) 0.718ms
[102.556s][info][gc] GC(22) Pause Young (Allocation Failure) 9M->7M(11M) 0.794ms
[136.578s][info][gc] GC(23) Pause Young (Allocation Failure) 10M->10M(11M) 0.039ms
[136.592s][info][gc] GC(24) Pause Full (Allocation Failure) 10M->5M(11M) 13.929ms
[170.605s][info][gc] GC(25) Pause Young (Allocation Failure) 9M->5M(11M) 0.388ms
[204.630s][info][gc] GC(26) Pause Young (Allocation Failure) 9M->5M(11M) 0.342ms
[240.653s][info][gc] GC(27) Pause Young (Allocation Failure) 9M->5M(11M) 0.312ms
[275.673s][info][gc] GC(28) Pause Young (Allocation Failure) 9M->5M(11M) 0.354ms
[311.014s][info][gc] GC(29) Pause Young (Allocation Failure) 9M->5M(11M) 0.406ms
[336.640s][info][gc] GC(30) Pause Young (Allocation Failure) 9M->5M(11M) 0.366ms
[371.655s][info][gc] GC(31) Pause Young (Allocation Failure) 9M->5M(11M) 0.428ms
