[0.016s][info][gc] Using The Z Garbage Collector
[0.162s][info][gc] GC(0) Garbage Collection (Warmup) 6M(50%)->4M(33%)
[0.253s][info][gc] GC(1) Garbage Collection (Warmup) 4M(33%)->4M(33%)
[0.348s][info][gc] GC(2) Garbage Collection (Warmup) 4M(33%)->4M(33%)
[1.053s][info][gc] GC(3) Garbage Collection (Proactive) 6M(50%)->4M(33%)
[3.056s][info][gc] GC(4) Garbage Collection (Proactive) 6M(50%)->4M(33%)
[7.953s][info][gc] GC(5) Garbage Collection (Allocation Rate) 8M(67%)->6M(50%)
[14.244s][info][gc] GC(6) Garbage Collection (Allocation Rate) 10M(83%)->10M(83%)
[14.354s][info][gc] GC(7) Garbage Collection (Allocation Rate) 10M(83%)->10M(83%)
[14.447s][info][gc] Relocation Stall (main) 0.002ms
[14.447s][info][gc] GC(8) Garbage Collection (Allocation Rate) 10M(83%)->8M(67%)
[14.543s][info][gc] GC(9) Garbage Collection (Allocation Rate) 8M(67%)->8M(67%)
[14.655s][info][gc] GC(10) Garbage Collection (Allocation Rate) 8M(67%)->8M(67%)
[14.751s][info][gc] GC(11) Garbage Collection (Allocation Rate) 8M(67%)->8M(67%)
[14.847s][info][gc] GC(12) Garbage Collection (Allocation Rate) 8M(67%)->8M(67%)
[14.943s][info][gc] GC(13) Garbage Collection (Allocation Rate) 8M(67%)->8M(67%)
[15.053s][info][gc] GC(14) Garbage Collection (Allocation Rate) 8M(67%)->8M(67%)
[15.454s][info][gc] GC(15) Garbage Collection (Allocation Rate) 8M(67%)->8M(67%)
[15.548s][info][gc] GC(16) Garbage Collection (Allocation Rate) 8M(67%)->8M(67%)
[15.644s][info][gc] GC(17) Garbage Collection (Allocation Rate) 8M(67%)->8M(67%)
[15.756s][info][gc] GC(18) Garbage Collection (Allocation Rate) 8M(67%)->8M(67%)
[15.850s][info][gc] GC(19) Garbage Collection (Allocation Rate) 8M(67%)->8M(67%)
[15.946s][info][gc] GC(20) Garbage Collection (Allocation Rate) 8M(67%)->8M(67%)
[16.042s][info][gc] GC(21) Garbage Collection (Allocation Rate) 8M(67%)->8M(67%)
[21.547s][info][gc] GC(22) Garbage Collection (Allocation Rate) 10M(83%)->10M(83%)
[21.602s][info][gc] Relocation Stall (main) 0.613ms
[21.602s][info][gc] Allocation Stall (Attach Listener) 10.941ms
[21.603s][info][gc] GC(23) Garbage Collection (Allocation Stall) 12M(100%)->10M(83%)
[21.661s][info][gc] GC(24) Garbage Collection (Allocation Rate) 12M(100%)->12M(100%)
[21.661s][info][gc] Allocation Stall (Attach Listener) 9.716ms
[21.700s][info][gc] GC(25) Garbage Collection (Allocation Stall) 12M(100%)->12M(100%)
[21.700s][info][gc] Allocation Stall (Attach Listener) 9.779ms
[21.723s][info][gc] GC(26) Garbage Collection (Allocation Stall) 12M(100%)->12M(100%)
[21.723s][info][gc] Allocation Stall (Attach Listener) 10.045ms
[21.743s][info][gc] GC(27) Garbage Collection (Allocation Stall) 12M(100%)->12M(100%)
[21.743s][info][gc] Allocation Stall (Attach Listener) 9.326ms
[21.756s][info][gc] GC(28) Garbage Collection (Allocation Rate) 12M(100%)->12M(100%)
[21.756s][info][gc] Allocation Stall (Attach Listener) 9.008ms
[21.777s][info][gc] GC(29) Garbage Collection (Allocation Stall) 12M(100%)->12M(100%)
[21.777s][info][gc] Allocation Stall (Attach Listener) 12.006ms
[21.854s][info][gc] GC(30) Garbage Collection (Allocation Rate) 12M(100%)->10M(83%)
[21.950s][info][gc] Allocation Stall (C1 CompilerThread0) 12.781ms
[21.950s][info][gc] GC(31) Garbage Collection (Allocation Stall) 12M(100%)->12M(100%)
[21.961s][info][gc] Allocation Stall (Attach Listener) 23.002ms
[21.961s][info][gc] GC(32) Garbage Collection (Allocation Stall) 12M(100%)->12M(100%)
[21.961s][info][gc] Allocation Stall (JFR Periodic Tasks) 22.228ms
[22.017s][info][gc] GC(33) Garbage Collection (Allocation Stall) 12M(100%)->12M(100%)
[22.017s][info][gc] Allocation Stall (Attach Listener) 12.900ms
[22.029s][info][gc] GC(34) Garbage Collection (Allocation Stall) 12M(100%)->12M(100%)
[22.029s][info][gc] Allocation Stall (JFR Periodic Tasks) 12.190ms
[22.042s][info][gc] GC(35) Garbage Collection (Allocation Stall) 12M(100%)->12M(100%)
[22.042s][info][gc] Allocation Stall (Attach Listener) 24.534ms
[22.061s][info][gc] GC(36) Garbage Collection (Allocation Rate) 12M(100%)->12M(100%)
[22.061s][info][gc] Allocation Stall (JFR Periodic Tasks) 11.911ms
[22.072s][info][gc] Allocation Stall (Attach Listener) 22.536ms
[22.072s][info][gc] GC(37) Garbage Collection (Allocation Stall) 12M(100%)->12M(100%)
[22.151s][info][gc] GC(38) Garbage Collection (Allocation Stall) 12M(100%)->12M(100%)
[22.151s][info][gc] Allocation Stall (RMI TCP Accept-0) 12.830ms
[22.163s][info][gc] GC(39) Garbage Collection (Allocation Stall) 12M(100%)->12M(100%)
[22.163s][info][gc] Allocation Stall (Attach Listener) 24.754ms
[22.163s][info][gc] Allocation Stall (JFR Periodic Tasks) 18.882ms
[22.177s][info][gc] Relocation Stall (JFR Periodic Tasks) 0.473ms
[22.177s][info][gc] GC(40) Garbage Collection (Allocation Stall) 12M(100%)->12M(100%)
[22.177s][info][gc] Allocation Stall (RMI TCP Accept-0) 25.683ms
[22.190s][info][gc] GC(41) Garbage Collection (Allocation Stall) 12M(100%)->12M(100%)
[22.190s][info][gc] Allocation Stall (Attach Listener) 26.516ms
[22.190s][info][gc] Allocation Stall (JFR Periodic Tasks) 13.079ms
[22.202s][info][gc] GC(42) Garbage Collection (Allocation Stall) 12M(100%)->12M(100%)
[22.202s][info][gc] Allocation Stall (RMI TCP Accept-0) 24.640ms
[22.214s][info][gc] GC(43) Garbage Collection (Allocation Stall) 12M(100%)->12M(100%)
[22.214s][info][gc] Allocation Stall (Attach Listener) 23.366ms
[22.226s][info][gc] GC(44) Garbage Collection (Allocation Stall) 12M(100%)->12M(100%)
[22.226s][info][gc] Allocation Stall (RMI TCP Accept-0) 23.814ms
[22.226s][info][gc] Allocation Stall (JFR Periodic Tasks) 17.338ms
[22.239s][info][gc] GC(45) Garbage Collection (Allocation Stall) 12M(100%)->12M(100%)
[22.239s][info][gc] Allocation Stall (Attach Listener) 24.765ms
[22.251s][info][gc] GC(46) Garbage Collection (Allocation Stall) 12M(100%)->12M(100%)
[22.251s][info][gc] Allocation Stall (RMI TCP Accept-0) 25.157ms
[22.263s][info][gc] GC(47) Garbage Collection (Allocation Stall) 12M(100%)->12M(100%)
[22.263s][info][gc] Allocation Stall (Attach Listener) 24.442ms
[22.263s][info][gc] Allocation Stall (JFR Periodic Tasks) 22.803ms
[22.315s][info][gc] GC(48) Garbage Collection (Allocation Stall) 12M(100%)->12M(100%)
[22.315s][info][gc] Allocation Stall (RMI Scheduler(0)) 14.402ms
[22.327s][info][gc] GC(49) Garbage Collection (Allocation Stall) 12M(100%)->12M(100%)
[22.327s][info][gc] Allocation Stall (RMI TCP Connection(1)-192.168.0.52) 26.132ms
[22.327s][info][gc] Allocation Stall (JFR Periodic Tasks) 22.701ms
[22.338s][info][gc] GC(50) Garbage Collection (Allocation Stall) 12M(100%)->12M(100%)
[22.338s][info][gc] Allocation Stall (RMI TCP Connection(1)-192.168.0.52) 10.827ms
[22.338s][info][gc] Allocation Stall (JFR Periodic Tasks) 10.788ms
[22.338s][info][gc] Allocation Stall (RMI Scheduler(0)) 22.535ms
[22.338s][info][gc] Out Of Memory (RMI TCP Connection(1)-192.168.0.52)
[22.338s][info][gc] Out Of Memory (JFR Periodic Tasks)
[22.349s][info][gc] GC(51) Garbage Collection (Allocation Stall) 12M(100%)->12M(100%)
[22.349s][info][gc] Allocation Stall (RMI Scheduler(0)) 10.703ms
[22.349s][info][gc] Out Of Memory (RMI Scheduler(0))
[22.360s][info][gc] GC(52) Garbage Collection (Allocation Stall) 12M(100%)->12M(100%)
[22.361s][info][gc] Allocation Stall (JFR Periodic Tasks) 22.240ms
[22.361s][info][gc] Allocation Stall (RMI TCP Connection(1)-192.168.0.52) 22.125ms
[22.371s][info][gc] GC(53) Garbage Collection (Allocation Stall) 12M(100%)->12M(100%)
[22.371s][info][gc] Allocation Stall (JFR Periodic Tasks) 10.421ms
[22.371s][info][gc] Allocation Stall (RMI Scheduler(0)) 21.981ms
[22.371s][info][gc] Out Of Memory (JFR Periodic Tasks)
[22.371s][info][gc] Allocation Stall (RMI TCP Connection(1)-192.168.0.52) 10.429ms
[22.371s][info][gc] Out Of Memory (RMI TCP Connection(1)-192.168.0.52)
[22.381s][info][gc] GC(54) Garbage Collection (Allocation Stall) 12M(100%)->12M(100%)
[22.381s][info][gc] Allocation Stall (RMI Scheduler(0)) 10.444ms
[22.382s][info][gc] Out Of Memory (RMI Scheduler(0))
[22.392s][info][gc] GC(55) Garbage Collection (Allocation Stall) 12M(100%)->12M(100%)
[22.392s][info][gc] Allocation Stall (RMI TCP Connection(1)-192.168.0.52) 20.385ms
[22.402s][info][gc] GC(56) Garbage Collection (Allocation Stall) 12M(100%)->12M(100%)
[22.402s][info][gc] Allocation Stall (RMI TCP Connection(1)-192.168.0.52) 10.299ms
[22.402s][info][gc] Out Of Memory (RMI TCP Connection(1)-192.168.0.52)
[22.402s][info][gc] Allocation Stall (RMI Scheduler(0)) 20.582ms
[22.412s][info][gc] GC(57) Garbage Collection (Allocation Stall) 12M(100%)->12M(100%)
[22.413s][info][gc] Allocation Stall (RMI Scheduler(0)) 10.256ms
[22.413s][info][gc] Out Of Memory (RMI Scheduler(0))
[22.423s][info][gc] GC(58) Garbage Collection (Allocation Stall) 12M(100%)->12M(100%)
[22.423s][info][gc] Allocation Stall (RMI TCP Connection(1)-192.168.0.52) 20.375ms
[22.433s][info][gc] GC(59) Garbage Collection (Allocation Stall) 12M(100%)->12M(100%)
[22.433s][info][gc] Allocation Stall (RMI Scheduler(0)) 20.616ms
[22.433s][info][gc] Allocation Stall (RMI TCP Connection(1)-192.168.0.52) 10.398ms
[22.433s][info][gc] Out Of Memory (RMI TCP Connection(1)-192.168.0.52)
[22.444s][info][gc] GC(60) Garbage Collection (Allocation Stall) 12M(100%)->12M(100%)
[22.444s][info][gc] Allocation Stall (RMI Scheduler(0)) 10.144ms
[22.444s][info][gc] Out Of Memory (RMI Scheduler(0))
[22.455s][info][gc] GC(61) Garbage Collection (Allocation Stall) 12M(100%)->12M(100%)
[22.455s][info][gc] Allocation Stall (RMI TCP Connection(idle)) 21.477ms
[22.553s][info][gc] Allocation Stall (Common-Cleaner) 1.693ms
[22.553s][info][gc] GC(62) Garbage Collection (Allocation Rate) 12M(100%)->12M(100%)
[22.593s][info][gc] GC(63) Garbage Collection (Allocation Stall) 12M(100%)->12M(100%)
[22.593s][info][gc] Allocation Stall (RMI Scheduler(4)) 17.035ms
[22.607s][info][gc] GC(64) Garbage Collection (Allocation Stall) 12M(100%)->12M(100%)
[22.608s][info][gc] Allocation Stall (RMI Scheduler(3)) 31.689ms
[22.608s][info][gc] Allocation Stall (RMI TCP Connection(2)-192.168.0.52) 31.313ms
[22.621s][info][gc] GC(65) Garbage Collection (Allocation Stall) 12M(100%)->12M(100%)
[22.621s][info][gc] Allocation Stall (RMI Scheduler(4)) 28.116ms
[22.621s][info][gc] Allocation Stall (RMI Scheduler(3)) 13.335ms
[22.621s][info][gc] Out Of Memory (RMI Scheduler(3))
[22.621s][info][gc] Allocation Stall (RMI TCP Connection(2)-192.168.0.52) 13.348ms
[22.621s][info][gc] Out Of Memory (RMI TCP Connection(2)-192.168.0.52)
[22.633s][info][gc] GC(66) Garbage Collection (Allocation Stall) 12M(100%)->12M(100%)
[22.633s][info][gc] Allocation Stall (RMI Scheduler(4)) 11.897ms
[22.633s][info][gc] Out Of Memory (RMI Scheduler(4))
[22.644s][info][gc] GC(67) Garbage Collection (Allocation Stall) 12M(100%)->12M(100%)
[22.644s][info][gc] Allocation Stall (RMI Scheduler(2)) 22.611ms
[22.644s][info][gc] Allocation Stall (RMI TCP Connection(2)-192.168.0.52) 22.606ms
[22.655s][info][gc] GC(68) Garbage Collection (Allocation Stall) 12M(100%)->12M(100%)
[22.655s][info][gc] Allocation Stall (RMI Scheduler(2)) 10.975ms
[22.655s][info][gc] Allocation Stall (RMI TCP Connection(2)-192.168.0.52) 10.956ms
[22.655s][info][gc] Out Of Memory (RMI Scheduler(2))
[22.655s][info][gc] Allocation Stall (RMI Scheduler(4)) 21.783ms
[22.655s][info][gc] Out Of Memory (RMI TCP Connection(2)-192.168.0.52)
[22.666s][info][gc] GC(69) Garbage Collection (Allocation Stall) 12M(100%)->12M(100%)
[22.666s][info][gc] Allocation Stall (RMI Scheduler(4)) 10.859ms
[22.666s][info][gc] Out Of Memory (RMI Scheduler(4))
[22.677s][info][gc] GC(70) Garbage Collection (Allocation Stall) 12M(100%)->12M(100%)
[22.677s][info][gc] Allocation Stall (RMI TCP Connection(idle)) 21.685ms
[22.688s][info][gc] Allocation Stall (RMI Scheduler(4)) 21.602ms
[22.688s][info][gc] GC(71) Garbage Collection (Allocation Stall) 12M(100%)->12M(100%)
[22.688s][info][gc] Allocation Stall (RMI TCP Connection(idle)) 10.858ms
[22.688s][info][gc] Out Of Memory (RMI TCP Connection(idle))
[22.748s][info][gc] GC(72) Garbage Collection (Allocation Rate) 12M(100%)->10M(83%)
[22.783s][info][gc] GC(73) Garbage Collection (Allocation Stall) 12M(100%)->12M(100%)
[22.783s][info][gc] Allocation Stall (RMI TCP Connection(3)-192.168.0.52) 14.516ms
[22.799s][info][gc] GC(74) Garbage Collection (Allocation Stall) 12M(100%)->12M(100%)
[22.799s][info][gc] Allocation Stall (RMI TCP Connection(3)-192.168.0.52) 15.967ms
[22.800s][info][gc] Out Of Memory (RMI TCP Connection(3)-192.168.0.52)
[22.814s][info][gc] GC(75) Garbage Collection (Allocation Stall) 12M(100%)->12M(100%)
[22.814s][info][gc] Allocation Stall (RMI TCP Connection(3)-192.168.0.52) 13.780ms
[22.828s][info][gc] GC(76) Garbage Collection (Allocation Stall) 12M(100%)->12M(100%)
[22.828s][info][gc] Allocation Stall (RMI TCP Connection(3)-192.168.0.52) 14.279ms
[22.828s][info][gc] Out Of Memory (RMI TCP Connection(3)-192.168.0.52)
[22.844s][info][gc] GC(77) Garbage Collection (Allocation Stall) 12M(100%)->12M(100%)
[22.844s][info][gc] Allocation Stall (RMI TCP Connection(3)-192.168.0.52) 14.831ms
[22.858s][info][gc] GC(78) Garbage Collection (Allocation Stall) 12M(100%)->12M(100%)
[22.858s][info][gc] Allocation Stall (RMI TCP Connection(3)-192.168.0.52) 14.466ms
[22.858s][info][gc] Out Of Memory (RMI TCP Connection(3)-192.168.0.52)
[22.874s][info][gc] GC(79) Garbage Collection (Allocation Stall) 12M(100%)->12M(100%)
[22.874s][info][gc] Allocation Stall (RMI TCP Connection(3)-192.168.0.52) 15.896ms
[22.888s][info][gc] GC(80) Garbage Collection (Allocation Stall) 12M(100%)->12M(100%)
[22.888s][info][gc] Allocation Stall (RMI TCP Connection(3)-192.168.0.52) 13.763ms
[22.888s][info][gc] Out Of Memory (RMI TCP Connection(3)-192.168.0.52)
[22.900s][info][gc] GC(81) Garbage Collection (Allocation Stall) 12M(100%)->12M(100%)
[22.900s][info][gc] Allocation Stall (RMI TCP Connection(3)-192.168.0.52) 11.666ms
[22.912s][info][gc] GC(82) Garbage Collection (Allocation Stall) 12M(100%)->12M(100%)
[22.912s][info][gc] Allocation Stall (RMI TCP Connection(3)-192.168.0.52) 11.559ms
[22.912s][info][gc] Out Of Memory (RMI TCP Connection(3)-192.168.0.52)
[22.923s][info][gc] GC(83) Garbage Collection (Allocation Stall) 12M(100%)->12M(100%)
[22.923s][info][gc] Allocation Stall (RMI TCP Connection(idle)) 11.306ms
[22.935s][info][gc] GC(84) Garbage Collection (Allocation Stall) 12M(100%)->12M(100%)
[22.935s][info][gc] Allocation Stall (RMI TCP Connection(idle)) 11.804ms
[22.935s][info][gc] Out Of Memory (RMI TCP Connection(idle))
[22.947s][info][gc] GC(85) Garbage Collection (Allocation Stall) 12M(100%)->12M(100%)
[22.947s][info][gc] Allocation Stall (RMI TCP Connection(idle)) 11.475ms
[22.958s][info][gc] GC(86) Garbage Collection (Allocation Stall) 12M(100%)->12M(100%)
[22.958s][info][gc] Allocation Stall (RMI TCP Connection(idle)) 11.305ms
[22.958s][info][gc] Out Of Memory (RMI TCP Connection(idle))
[22.969s][info][gc] GC(87) Garbage Collection (Allocation Stall) 12M(100%)->12M(100%)
[22.969s][info][gc] Allocation Stall (RMI TCP Connection(idle)) 10.502ms
[22.980s][info][gc] GC(88) Garbage Collection (Allocation Stall) 12M(100%)->12M(100%)
[22.980s][info][gc] Allocation Stall (RMI TCP Connection(idle)) 10.819ms
[22.980s][info][gc] Out Of Memory (RMI TCP Connection(idle))
[22.991s][info][gc] GC(89) Garbage Collection (Allocation Stall) 12M(100%)->12M(100%)
[22.991s][info][gc] Allocation Stall (RMI TCP Connection(idle)) 11.198ms
[23.002s][info][gc] GC(90) Garbage Collection (Allocation Stall) 12M(100%)->12M(100%)
[23.002s][info][gc] Allocation Stall (RMI TCP Connection(idle)) 11.252ms
[23.002s][info][gc] Out Of Memory (RMI TCP Connection(idle))
[23.014s][info][gc] GC(91) Garbage Collection (Allocation Stall) 12M(100%)->12M(100%)
[23.014s][info][gc] Allocation Stall (RMI TCP Connection(idle)) 11.187ms
[23.025s][info][gc] GC(92) Garbage Collection (Allocation Stall) 12M(100%)->12M(100%)
[23.025s][info][gc] Allocation Stall (RMI TCP Connection(idle)) 11.166ms
[23.025s][info][gc] Out Of Memory (RMI TCP Connection(idle))
[23.048s][info][gc] GC(93) Garbage Collection (Allocation Rate) 12M(100%)->12M(100%)
[23.148s][info][gc] GC(94) Garbage Collection (Allocation Rate) 12M(100%)->12M(100%)
[23.248s][info][gc] GC(95) Garbage Collection (Allocation Rate) 12M(100%)->12M(100%)
[23.347s][info][gc] GC(96) Garbage Collection (Allocation Rate) 12M(100%)->12M(100%)
[23.447s][info][gc] GC(97) Garbage Collection (Allocation Rate) 12M(100%)->12M(100%)
[23.548s][info][gc] GC(98) Garbage Collection (Allocation Rate) 12M(100%)->12M(100%)
[23.647s][info][gc] GC(99) Garbage Collection (Allocation Rate) 12M(100%)->12M(100%)
[23.748s][info][gc] GC(100) Garbage Collection (Allocation Rate) 12M(100%)->12M(100%)
[23.847s][info][gc] GC(101) Garbage Collection (Allocation Rate) 12M(100%)->12M(100%)
[23.948s][info][gc] GC(102) Garbage Collection (Allocation Rate) 12M(100%)->12M(100%)
[24.048s][info][gc] GC(103) Garbage Collection (Allocation Rate) 12M(100%)->12M(100%)
[24.148s][info][gc] GC(104) Garbage Collection (Allocation Rate) 12M(100%)->12M(100%)
[24.247s][info][gc] GC(105) Garbage Collection (Allocation Rate) 12M(100%)->12M(100%)
[24.347s][info][gc] GC(106) Garbage Collection (Allocation Rate) 12M(100%)->12M(100%)
[24.448s][info][gc] GC(107) Garbage Collection (Allocation Rate) 12M(100%)->12M(100%)
[24.548s][info][gc] GC(108) Garbage Collection (Allocation Rate) 12M(100%)->12M(100%)
[24.647s][info][gc] GC(109) Garbage Collection (Allocation Rate) 12M(100%)->12M(100%)
[24.747s][info][gc] GC(110) Garbage Collection (Allocation Rate) 12M(100%)->12M(100%)
[24.847s][info][gc] GC(111) Garbage Collection (Allocation Rate) 12M(100%)->12M(100%)
[24.948s][info][gc] GC(112) Garbage Collection (Allocation Rate) 12M(100%)->12M(100%)
[25.048s][info][gc] GC(113) Garbage Collection (Allocation Rate) 12M(100%)->12M(100%)
[25.148s][info][gc] GC(114) Garbage Collection (Allocation Rate) 12M(100%)->12M(100%)
[25.248s][info][gc] GC(115) Garbage Collection (Allocation Rate) 12M(100%)->12M(100%)
[25.347s][info][gc] GC(116) Garbage Collection (Allocation Rate) 12M(100%)->12M(100%)
[25.447s][info][gc] GC(117) Garbage Collection (Allocation Rate) 12M(100%)->12M(100%)
[25.547s][info][gc] GC(118) Garbage Collection (Allocation Rate) 12M(100%)->12M(100%)
[25.647s][info][gc] GC(119) Garbage Collection (Allocation Rate) 12M(100%)->12M(100%)
[25.747s][info][gc] GC(120) Garbage Collection (Allocation Rate) 12M(100%)->12M(100%)
[25.848s][info][gc] GC(121) Garbage Collection (Allocation Rate) 12M(100%)->12M(100%)
[25.948s][info][gc] GC(122) Garbage Collection (Allocation Rate) 12M(100%)->12M(100%)
[26.048s][info][gc] GC(123) Garbage Collection (Allocation Rate) 12M(100%)->12M(100%)
[26.148s][info][gc] GC(124) Garbage Collection (Allocation Rate) 12M(100%)->12M(100%)
[26.248s][info][gc] GC(125) Garbage Collection (Allocation Rate) 12M(100%)->12M(100%)
[26.348s][info][gc] GC(126) Garbage Collection (Allocation Rate) 12M(100%)->12M(100%)
[26.448s][info][gc] GC(127) Garbage Collection (Allocation Rate) 12M(100%)->12M(100%)
[26.547s][info][gc] GC(128) Garbage Collection (Allocation Rate) 12M(100%)->12M(100%)
[26.647s][info][gc] GC(129) Garbage Collection (Allocation Rate) 12M(100%)->12M(100%)
[26.747s][info][gc] GC(130) Garbage Collection (Allocation Rate) 12M(100%)->12M(100%)
[26.847s][info][gc] GC(131) Garbage Collection (Allocation Rate) 12M(100%)->12M(100%)
[26.947s][info][gc] GC(132) Garbage Collection (Allocation Rate) 12M(100%)->12M(100%)
[27.048s][info][gc] GC(133) Garbage Collection (Allocation Rate) 12M(100%)->12M(100%)
[27.147s][info][gc] GC(134) Garbage Collection (Allocation Rate) 12M(100%)->12M(100%)
[27.248s][info][gc] GC(135) Garbage Collection (Allocation Rate) 12M(100%)->12M(100%)
[27.348s][info][gc] GC(136) Garbage Collection (Allocation Rate) 12M(100%)->12M(100%)
[27.448s][info][gc] GC(137) Garbage Collection (Allocation Rate) 12M(100%)->12M(100%)
[27.548s][info][gc] GC(138) Garbage Collection (Allocation Rate) 12M(100%)->12M(100%)
[27.647s][info][gc] GC(139) Garbage Collection (Allocation Rate) 12M(100%)->12M(100%)
[27.747s][info][gc] GC(140) Garbage Collection (Allocation Rate) 12M(100%)->12M(100%)
[27.847s][info][gc] GC(141) Garbage Collection (Allocation Rate) 12M(100%)->12M(100%)
[27.947s][info][gc] GC(142) Garbage Collection (Allocation Rate) 12M(100%)->12M(100%)
[28.048s][info][gc] GC(143) Garbage Collection (Allocation Rate) 12M(100%)->12M(100%)
[28.147s][info][gc] GC(144) Garbage Collection (Allocation Rate) 12M(100%)->12M(100%)
[28.248s][info][gc] GC(145) Garbage Collection (Allocation Rate) 12M(100%)->12M(100%)
[28.347s][info][gc] GC(146) Garbage Collection (Allocation Rate) 12M(100%)->12M(100%)
[28.448s][info][gc] GC(147) Garbage Collection (Allocation Rate) 12M(100%)->12M(100%)
[28.548s][info][gc] GC(148) Garbage Collection (Allocation Rate) 12M(100%)->12M(100%)
[28.648s][info][gc] GC(149) Garbage Collection (Allocation Rate) 12M(100%)->12M(100%)
[28.748s][info][gc] GC(150) Garbage Collection (Allocation Rate) 12M(100%)->12M(100%)
[28.847s][info][gc] GC(151) Garbage Collection (Allocation Rate) 12M(100%)->12M(100%)
[28.947s][info][gc] GC(152) Garbage Collection (Allocation Rate) 12M(100%)->12M(100%)
[29.047s][info][gc] GC(153) Garbage Collection (Allocation Rate) 12M(100%)->12M(100%)
[29.147s][info][gc] GC(154) Garbage Collection (Allocation Rate) 12M(100%)->12M(100%)
[29.247s][info][gc] GC(155) Garbage Collection (Allocation Rate) 12M(100%)->12M(100%)
[29.347s][info][gc] GC(156) Garbage Collection (Allocation Rate) 12M(100%)->12M(100%)
[29.448s][info][gc] GC(157) Garbage Collection (Allocation Rate) 12M(100%)->12M(100%)
[29.547s][info][gc] GC(158) Garbage Collection (Allocation Rate) 12M(100%)->12M(100%)
[29.650s][info][gc] GC(159) Garbage Collection (Allocation Rate) 12M(100%)->12M(100%)
[29.748s][info][gc] GC(160) Garbage Collection (Allocation Rate) 12M(100%)->12M(100%)
[29.847s][info][gc] GC(161) Garbage Collection (Allocation Rate) 12M(100%)->12M(100%)
[29.947s][info][gc] GC(162) Garbage Collection (Allocation Rate) 12M(100%)->12M(100%)
[30.047s][info][gc] GC(163) Garbage Collection (Allocation Rate) 12M(100%)->12M(100%)
[30.148s][info][gc] GC(164) Garbage Collection (Allocation Rate) 12M(100%)->12M(100%)
[30.247s][info][gc] GC(165) Garbage Collection (Allocation Rate) 12M(100%)->12M(100%)
[30.347s][info][gc] GC(166) Garbage Collection (Allocation Rate) 12M(100%)->12M(100%)
[30.447s][info][gc] GC(167) Garbage Collection (Allocation Rate) 12M(100%)->12M(100%)
[30.547s][info][gc] GC(168) Garbage Collection (Allocation Rate) 12M(100%)->12M(100%)
[30.648s][info][gc] GC(169) Garbage Collection (Allocation Rate) 12M(100%)->12M(100%)
[30.748s][info][gc] GC(170) Garbage Collection (Allocation Rate) 12M(100%)->12M(100%)
[30.848s][info][gc] GC(171) Garbage Collection (Allocation Rate) 12M(100%)->12M(100%)
[30.947s][info][gc] GC(172) Garbage Collection (Allocation Rate) 12M(100%)->12M(100%)
[31.047s][info][gc] GC(173) Garbage Collection (Allocation Rate) 12M(100%)->12M(100%)
[31.147s][info][gc] GC(174) Garbage Collection (Allocation Rate) 12M(100%)->12M(100%)
[31.247s][info][gc] GC(175) Garbage Collection (Allocation Rate) 12M(100%)->12M(100%)
[31.347s][info][gc] GC(176) Garbage Collection (Allocation Rate) 12M(100%)->12M(100%)
[31.447s][info][gc] GC(177) Garbage Collection (Allocation Rate) 12M(100%)->12M(100%)
[31.548s][info][gc] GC(178) Garbage Collection (Allocation Rate) 12M(100%)->12M(100%)
[31.648s][info][gc] GC(179) Garbage Collection (Allocation Rate) 12M(100%)->12M(100%)
[31.748s][info][gc] GC(180) Garbage Collection (Allocation Rate) 12M(100%)->12M(100%)
[31.848s][info][gc] GC(181) Garbage Collection (Allocation Rate) 12M(100%)->12M(100%)
[31.948s][info][gc] GC(182) Garbage Collection (Allocation Rate) 12M(100%)->12M(100%)
[32.048s][info][gc] GC(183) Garbage Collection (Allocation Rate) 12M(100%)->12M(100%)
[32.147s][info][gc] GC(184) Garbage Collection (Allocation Rate) 12M(100%)->12M(100%)
[32.247s][info][gc] GC(185) Garbage Collection (Allocation Rate) 12M(100%)->12M(100%)
[32.347s][info][gc] GC(186) Garbage Collection (Allocation Rate) 12M(100%)->12M(100%)
[32.447s][info][gc] GC(187) Garbage Collection (Allocation Rate) 12M(100%)->12M(100%)
[32.468s][info][gc] GC(188) Garbage Collection (Allocation Stall) 12M(100%)->12M(100%)
[32.468s][info][gc] Allocation Stall (Attach Listener) 10.830ms
[32.478s][info][gc] GC(189) Garbage Collection (Allocation Stall) 12M(100%)->12M(100%)
[32.478s][info][gc] Allocation Stall (Attach Listener) 10.640ms
[32.478s][info][gc] Out Of Memory (Attach Listener)
[32.493s][info][gc] GC(190) Garbage Collection (Allocation Stall) 12M(100%)->12M(100%)
[32.493s][info][gc] Allocation Stall (Attach Listener) 10.981ms
[32.503s][info][gc] GC(191) Garbage Collection (Allocation Stall) 12M(100%)->12M(100%)
[32.503s][info][gc] Allocation Stall (Attach Listener) 10.484ms
[32.503s][info][gc] Out Of Memory (Attach Listener)
[32.516s][info][gc] GC(192) Garbage Collection (Allocation Stall) 12M(100%)->12M(100%)
[32.516s][info][gc] Allocation Stall (RMI TCP Accept-0) 10.867ms
[32.527s][info][gc] GC(193) Garbage Collection (Allocation Stall) 12M(100%)->12M(100%)
[32.527s][info][gc] Allocation Stall (RMI TCP Accept-0) 10.707ms
[32.527s][info][gc] Out Of Memory (RMI TCP Accept-0)
[32.538s][info][gc] GC(194) Garbage Collection (Allocation Stall) 12M(100%)->12M(100%)
[32.538s][info][gc] Allocation Stall (RMI TCP Accept-0) 10.686ms
[32.549s][info][gc] GC(195) Garbage Collection (Allocation Stall) 12M(100%)->12M(100%)
[32.549s][info][gc] Allocation Stall (RMI TCP Accept-0) 10.999ms
[32.549s][info][gc] Out Of Memory (RMI TCP Accept-0)
[32.560s][info][gc] GC(196) Garbage Collection (Allocation Stall) 12M(100%)->12M(100%)
[32.560s][info][gc] Allocation Stall (RMI TCP Accept-0) 10.919ms
[32.571s][info][gc] GC(197) Garbage Collection (Allocation Stall) 12M(100%)->12M(100%)
[32.571s][info][gc] Allocation Stall (RMI TCP Accept-0) 10.995ms
[32.571s][info][gc] Out Of Memory (RMI TCP Accept-0)
[32.582s][info][gc] GC(198) Garbage Collection (Allocation Stall) 12M(100%)->12M(100%)
[32.582s][info][gc] Allocation Stall (RMI TCP Accept-0) 10.513ms
[32.592s][info][gc] GC(199) Garbage Collection (Allocation Stall) 12M(100%)->12M(100%)
[32.592s][info][gc] Allocation Stall (RMI TCP Accept-0) 10.533ms
[32.592s][info][gc] Out Of Memory (RMI TCP Accept-0)
[32.603s][info][gc] GC(200) Garbage Collection (Allocation Stall) 12M(100%)->12M(100%)
[32.603s][info][gc] Allocation Stall (RMI TCP Accept-0) 10.455ms
[32.613s][info][gc] GC(201) Garbage Collection (Allocation Stall) 12M(100%)->12M(100%)
[32.613s][info][gc] Allocation Stall (RMI TCP Accept-0) 10.426ms
[32.613s][info][gc] Out Of Memory (RMI TCP Accept-0)
[32.624s][info][gc] GC(202) Garbage Collection (Allocation Stall) 12M(100%)->12M(100%)
[32.624s][info][gc] Allocation Stall (RMI TCP Accept-0) 10.850ms
[32.635s][info][gc] GC(203) Garbage Collection (Allocation Stall) 12M(100%)->12M(100%)
[32.635s][info][gc] Allocation Stall (RMI TCP Accept-0) 10.463ms
[32.635s][info][gc] Out Of Memory (RMI TCP Accept-0)
[32.645s][info][gc] GC(204) Garbage Collection (Allocation Stall) 12M(100%)->12M(100%)
[32.645s][info][gc] Allocation Stall (RMI TCP Accept-0) 10.433ms
[32.656s][info][gc] GC(205) Garbage Collection (Allocation Stall) 12M(100%)->12M(100%)
[32.656s][info][gc] Allocation Stall (RMI TCP Accept-0) 10.679ms
[32.656s][info][gc] Out Of Memory (RMI TCP Accept-0)
[32.667s][info][gc] GC(206) Garbage Collection (Allocation Stall) 12M(100%)->12M(100%)
[32.667s][info][gc] Allocation Stall (RMI TCP Accept-0) 10.715ms
[32.677s][info][gc] GC(207) Garbage Collection (Allocation Stall) 12M(100%)->12M(100%)
[32.677s][info][gc] Allocation Stall (RMI TCP Accept-0) 10.524ms
[32.678s][info][gc] Out Of Memory (RMI TCP Accept-0)
[32.688s][info][gc] GC(208) Garbage Collection (Allocation Stall) 12M(100%)->12M(100%)
[32.688s][info][gc] Allocation Stall (RMI TCP Accept-0) 10.693ms
[32.699s][info][gc] GC(209) Garbage Collection (Allocation Stall) 12M(100%)->12M(100%)
[32.699s][info][gc] Allocation Stall (RMI TCP Accept-0) 10.593ms
[32.699s][info][gc] Out Of Memory (RMI TCP Accept-0)
[32.709s][info][gc] GC(210) Garbage Collection (Allocation Stall) 12M(100%)->12M(100%)
[32.709s][info][gc] Allocation Stall (RMI TCP Accept-0) 10.493ms
[32.720s][info][gc] GC(211) Garbage Collection (Allocation Stall) 12M(100%)->12M(100%)
[32.721s][info][gc] Allocation Stall (RMI TCP Accept-0) 11.046ms
[32.721s][info][gc] Out Of Memory (RMI TCP Accept-0)
[32.731s][info][gc] GC(212) Garbage Collection (Allocation Stall) 12M(100%)->12M(100%)
[32.731s][info][gc] Allocation Stall (RMI TCP Accept-0) 10.586ms
[32.742s][info][gc] GC(213) Garbage Collection (Allocation Stall) 12M(100%)->12M(100%)
[32.742s][info][gc] Allocation Stall (RMI TCP Accept-0) 10.827ms
[32.742s][info][gc] Out Of Memory (RMI TCP Accept-0)
[32.753s][info][gc] GC(214) Garbage Collection (Allocation Stall) 12M(100%)->12M(100%)
[32.753s][info][gc] Allocation Stall (RMI TCP Accept-0) 10.863ms
[32.763s][info][gc] GC(215) Garbage Collection (Allocation Stall) 12M(100%)->12M(100%)
[32.764s][info][gc] Allocation Stall (RMI TCP Accept-0) 10.542ms
[32.764s][info][gc] Out Of Memory (RMI TCP Accept-0)
[32.774s][info][gc] GC(216) Garbage Collection (Allocation Stall) 12M(100%)->12M(100%)
[32.774s][info][gc] Allocation Stall (RMI TCP Accept-0) 10.424ms
[32.785s][info][gc] GC(217) Garbage Collection (Allocation Stall) 12M(100%)->12M(100%)
[32.785s][info][gc] Allocation Stall (RMI TCP Accept-0) 10.555ms
[32.785s][info][gc] Out Of Memory (RMI TCP Accept-0)
[32.795s][info][gc] GC(218) Garbage Collection (Allocation Stall) 12M(100%)->12M(100%)
[32.795s][info][gc] Allocation Stall (RMI TCP Accept-0) 10.523ms
[32.806s][info][gc] GC(219) Garbage Collection (Allocation Stall) 12M(100%)->12M(100%)
[32.806s][info][gc] Allocation Stall (RMI TCP Accept-0) 10.487ms
[32.806s][info][gc] Out Of Memory (RMI TCP Accept-0)
[32.816s][info][gc] GC(220) Garbage Collection (Allocation Stall) 12M(100%)->12M(100%)
[32.816s][info][gc] Allocation Stall (RMI TCP Accept-0) 10.549ms
[32.827s][info][gc] GC(221) Garbage Collection (Allocation Stall) 12M(100%)->12M(100%)
[32.827s][info][gc] Allocation Stall (RMI TCP Accept-0) 10.612ms
[32.827s][info][gc] Out Of Memory (RMI TCP Accept-0)
[32.838s][info][gc] GC(222) Garbage Collection (Allocation Stall) 12M(100%)->12M(100%)
[32.838s][info][gc] Allocation Stall (RMI TCP Accept-0) 10.488ms
[32.848s][info][gc] GC(223) Garbage Collection (Allocation Stall) 12M(100%)->12M(100%)
[32.848s][info][gc] Allocation Stall (RMI TCP Accept-0) 10.572ms
[32.848s][info][gc] Out Of Memory (RMI TCP Accept-0)
[32.859s][info][gc] GC(224) Garbage Collection (Allocation Stall) 12M(100%)->12M(100%)
[32.859s][info][gc] Allocation Stall (RMI TCP Accept-0) 10.529ms
[32.869s][info][gc] GC(225) Garbage Collection (Allocation Stall) 12M(100%)->12M(100%)
[32.869s][info][gc] Allocation Stall (RMI TCP Accept-0) 10.422ms
[32.869s][info][gc] Out Of Memory (RMI TCP Accept-0)
[32.880s][info][gc] GC(226) Garbage Collection (Allocation Stall) 12M(100%)->12M(100%)
[32.880s][info][gc] Allocation Stall (RMI TCP Accept-0) 10.548ms
[32.890s][info][gc] GC(227) Garbage Collection (Allocation Stall) 12M(100%)->12M(100%)
[32.890s][info][gc] Allocation Stall (RMI TCP Accept-0) 10.448ms
[32.891s][info][gc] Out Of Memory (RMI TCP Accept-0)
[32.901s][info][gc] GC(228) Garbage Collection (Allocation Stall) 12M(100%)->12M(100%)
[32.901s][info][gc] Allocation Stall (RMI TCP Accept-0) 10.432ms
[32.911s][info][gc] GC(229) Garbage Collection (Allocation Stall) 12M(100%)->12M(100%)
[32.911s][info][gc] Allocation Stall (RMI TCP Accept-0) 10.401ms
[32.911s][info][gc] Out Of Memory (RMI TCP Accept-0)
[32.922s][info][gc] GC(230) Garbage Collection (Allocation Stall) 12M(100%)->12M(100%)
[32.922s][info][gc] Allocation Stall (RMI TCP Accept-0) 10.539ms
[32.933s][info][gc] GC(231) Garbage Collection (Allocation Stall) 12M(100%)->12M(100%)
[32.933s][info][gc] Allocation Stall (RMI TCP Accept-0) 10.576ms
[32.933s][info][gc] Out Of Memory (RMI TCP Accept-0)
[32.943s][info][gc] GC(232) Garbage Collection (Allocation Stall) 12M(100%)->12M(100%)
[32.943s][info][gc] Allocation Stall (RMI TCP Accept-0) 10.550ms
[32.954s][info][gc] GC(233) Garbage Collection (Allocation Stall) 12M(100%)->12M(100%)
[32.954s][info][gc] Allocation Stall (RMI TCP Accept-0) 10.641ms
[32.954s][info][gc] Out Of Memory (RMI TCP Accept-0)
[32.965s][info][gc] GC(234) Garbage Collection (Allocation Stall) 12M(100%)->12M(100%)
[32.965s][info][gc] Allocation Stall (RMI TCP Accept-0) 10.742ms
[32.975s][info][gc] GC(235) Garbage Collection (Allocation Stall) 12M(100%)->12M(100%)
[32.975s][info][gc] Allocation Stall (RMI TCP Accept-0) 10.543ms
[32.975s][info][gc] Out Of Memory (RMI TCP Accept-0)
[32.986s][info][gc] GC(236) Garbage Collection (Allocation Stall) 12M(100%)->12M(100%)
[32.986s][info][gc] Allocation Stall (RMI TCP Accept-0) 10.481ms
[32.996s][info][gc] GC(237) Garbage Collection (Allocation Stall) 12M(100%)->12M(100%)
[32.996s][info][gc] Allocation Stall (RMI TCP Accept-0) 10.379ms
[32.996s][info][gc] Out Of Memory (RMI TCP Accept-0)
[33.007s][info][gc] GC(238) Garbage Collection (Allocation Stall) 12M(100%)->12M(100%)
[33.007s][info][gc] Allocation Stall (RMI TCP Accept-0) 10.771ms
[33.017s][info][gc] GC(239) Garbage Collection (Allocation Stall) 12M(100%)->12M(100%)
[33.018s][info][gc] Allocation Stall (RMI TCP Accept-0) 10.285ms
[33.018s][info][gc] Out Of Memory (RMI TCP Accept-0)
[33.028s][info][gc] GC(240) Garbage Collection (Allocation Stall) 12M(100%)->12M(100%)
[33.028s][info][gc] Allocation Stall (RMI TCP Accept-0) 10.056ms
[33.038s][info][gc] GC(241) Garbage Collection (Allocation Stall) 12M(100%)->12M(100%)
[33.038s][info][gc] Allocation Stall (RMI TCP Accept-0) 10.687ms
[33.038s][info][gc] Out Of Memory (RMI TCP Accept-0)
[33.049s][info][gc] GC(242) Garbage Collection (Allocation Stall) 12M(100%)->12M(100%)
[33.049s][info][gc] Allocation Stall (RMI TCP Accept-0) 10.340ms
[33.059s][info][gc] GC(243) Garbage Collection (Allocation Stall) 12M(100%)->12M(100%)
[33.060s][info][gc] Allocation Stall (RMI TCP Accept-0) 10.645ms
[33.060s][info][gc] Out Of Memory (RMI TCP Accept-0)
[33.070s][info][gc] GC(244) Garbage Collection (Allocation Stall) 12M(100%)->12M(100%)
[33.070s][info][gc] Allocation Stall (RMI TCP Accept-0) 10.491ms
[33.080s][info][gc] GC(245) Garbage Collection (Allocation Stall) 12M(100%)->12M(100%)
[33.081s][info][gc] Allocation Stall (RMI TCP Accept-0) 10.348ms
[33.081s][info][gc] Out Of Memory (RMI TCP Accept-0)
[33.091s][info][gc] GC(246) Garbage Collection (Allocation Stall) 12M(100%)->12M(100%)
[33.091s][info][gc] Allocation Stall (RMI TCP Accept-0) 10.632ms
[33.102s][info][gc] GC(247) Garbage Collection (Allocation Stall) 12M(100%)->12M(100%)
[33.102s][info][gc] Allocation Stall (RMI TCP Accept-0) 10.473ms
[33.102s][info][gc] Out Of Memory (RMI TCP Accept-0)
[33.112s][info][gc] GC(248) Garbage Collection (Allocation Stall) 12M(100%)->12M(100%)
[33.112s][info][gc] Allocation Stall (RMI TCP Accept-0) 10.370ms
[33.123s][info][gc] GC(249) Garbage Collection (Allocation Stall) 12M(100%)->12M(100%)
[33.123s][info][gc] Allocation Stall (RMI TCP Accept-0) 10.548ms
[33.123s][info][gc] Out Of Memory (RMI TCP Accept-0)
[33.133s][info][gc] GC(250) Garbage Collection (Allocation Stall) 12M(100%)->12M(100%)
[33.133s][info][gc] Allocation Stall (RMI TCP Accept-0) 10.535ms
[33.144s][info][gc] GC(251) Garbage Collection (Allocation Stall) 12M(100%)->12M(100%)
[33.144s][info][gc] Allocation Stall (RMI TCP Accept-0) 10.551ms
[33.144s][info][gc] Out Of Memory (RMI TCP Accept-0)
[33.154s][info][gc] GC(252) Garbage Collection (Allocation Stall) 12M(100%)->12M(100%)
[33.155s][info][gc] Allocation Stall (RMI TCP Accept-0) 10.471ms
[33.165s][info][gc] GC(253) Garbage Collection (Allocation Stall) 12M(100%)->12M(100%)
[33.165s][info][gc] Allocation Stall (RMI TCP Accept-0) 10.569ms
[33.165s][info][gc] Out Of Memory (RMI TCP Accept-0)
[33.176s][info][gc] GC(254) Garbage Collection (Allocation Stall) 12M(100%)->12M(100%)
[33.176s][info][gc] Allocation Stall (RMI TCP Accept-0) 10.809ms
[33.186s][info][gc] GC(255) Garbage Collection (Allocation Stall) 12M(100%)->12M(100%)
[33.187s][info][gc] Allocation Stall (RMI TCP Accept-0) 10.484ms
[33.187s][info][gc] Out Of Memory (RMI TCP Accept-0)
[33.197s][info][gc] GC(256) Garbage Collection (Allocation Stall) 12M(100%)->12M(100%)
[33.197s][info][gc] Allocation Stall (RMI TCP Accept-0) 10.657ms
[33.208s][info][gc] GC(257) Garbage Collection (Allocation Stall) 12M(100%)->12M(100%)
[33.208s][info][gc] Allocation Stall (RMI TCP Accept-0) 10.645ms
[33.208s][info][gc] Out Of Memory (RMI TCP Accept-0)
[33.247s][info][gc] GC(258) Garbage Collection (Allocation Rate) 12M(100%)->12M(100%)
[33.347s][info][gc] GC(259) Garbage Collection (Allocation Rate) 12M(100%)->12M(100%)
[33.447s][info][gc] GC(260) Garbage Collection (Allocation Rate) 12M(100%)->12M(100%)
[33.547s][info][gc] GC(261) Garbage Collection (Allocation Rate) 12M(100%)->12M(100%)
[33.649s][info][gc] GC(262) Garbage Collection (Allocation Rate) 12M(100%)->12M(100%)
[33.747s][info][gc] GC(263) Garbage Collection (Allocation Rate) 12M(100%)->12M(100%)
[33.848s][info][gc] GC(264) Garbage Collection (Allocation Rate) 12M(100%)->12M(100%)
[33.947s][info][gc] GC(265) Garbage Collection (Allocation Rate) 12M(100%)->12M(100%)
[34.048s][info][gc] GC(266) Garbage Collection (Allocation Rate) 12M(100%)->12M(100%)
[34.148s][info][gc] GC(267) Garbage Collection (Allocation Rate) 12M(100%)->12M(100%)
[34.247s][info][gc] GC(268) Garbage Collection (Allocation Rate) 12M(100%)->12M(100%)
[34.347s][info][gc] GC(269) Garbage Collection (Allocation Rate) 12M(100%)->12M(100%)
[34.447s][info][gc] GC(270) Garbage Collection (Allocation Rate) 12M(100%)->12M(100%)
[34.548s][info][gc] GC(271) Garbage Collection (Allocation Rate) 12M(100%)->12M(100%)
[34.647s][info][gc] GC(272) Garbage Collection (Allocation Rate) 12M(100%)->12M(100%)
[34.747s][info][gc] GC(273) Garbage Collection (Allocation Rate) 12M(100%)->12M(100%)
[34.848s][info][gc] GC(274) Garbage Collection (Allocation Rate) 12M(100%)->12M(100%)
[34.947s][info][gc] GC(275) Garbage Collection (Allocation Rate) 12M(100%)->12M(100%)
[35.048s][info][gc] GC(276) Garbage Collection (Allocation Rate) 12M(100%)->12M(100%)
[35.148s][info][gc] GC(277) Garbage Collection (Allocation Rate) 12M(100%)->12M(100%)
[35.248s][info][gc] GC(278) Garbage Collection (Allocation Rate) 12M(100%)->12M(100%)
[35.348s][info][gc] GC(279) Garbage Collection (Allocation Rate) 12M(100%)->12M(100%)
[35.447s][info][gc] GC(280) Garbage Collection (Allocation Rate) 12M(100%)->12M(100%)
[35.547s][info][gc] GC(281) Garbage Collection (Allocation Rate) 12M(100%)->12M(100%)
[35.647s][info][gc] GC(282) Garbage Collection (Allocation Rate) 12M(100%)->12M(100%)
[35.747s][info][gc] GC(283) Garbage Collection (Allocation Rate) 12M(100%)->12M(100%)
[35.847s][info][gc] GC(284) Garbage Collection (Allocation Rate) 12M(100%)->12M(100%)
[35.947s][info][gc] GC(285) Garbage Collection (Allocation Rate) 12M(100%)->12M(100%)
[36.048s][info][gc] GC(286) Garbage Collection (Allocation Rate) 12M(100%)->12M(100%)
[36.147s][info][gc] GC(287) Garbage Collection (Allocation Rate) 12M(100%)->12M(100%)
[36.248s][info][gc] GC(288) Garbage Collection (Allocation Rate) 12M(100%)->12M(100%)
[36.348s][info][gc] GC(289) Garbage Collection (Allocation Rate) 12M(100%)->12M(100%)
[36.449s][info][gc] GC(290) Garbage Collection (Allocation Rate) 12M(100%)->12M(100%)
[36.547s][info][gc] GC(291) Garbage Collection (Allocation Rate) 12M(100%)->12M(100%)
[36.647s][info][gc] GC(292) Garbage Collection (Allocation Rate) 12M(100%)->12M(100%)
[36.747s][info][gc] GC(293) Garbage Collection (Allocation Rate) 12M(100%)->12M(100%)
[36.847s][info][gc] GC(294) Garbage Collection (Allocation Rate) 12M(100%)->12M(100%)
[36.947s][info][gc] GC(295) Garbage Collection (Allocation Rate) 12M(100%)->12M(100%)
[37.047s][info][gc] GC(296) Garbage Collection (Allocation Rate) 12M(100%)->12M(100%)
[37.147s][info][gc] GC(297) Garbage Collection (Allocation Rate) 12M(100%)->12M(100%)
[37.247s][info][gc] GC(298) Garbage Collection (Allocation Rate) 12M(100%)->12M(100%)
[37.348s][info][gc] GC(299) Garbage Collection (Allocation Rate) 12M(100%)->12M(100%)
[37.448s][info][gc] GC(300) Garbage Collection (Allocation Rate) 12M(100%)->12M(100%)
[37.548s][info][gc] GC(301) Garbage Collection (Allocation Rate) 12M(100%)->12M(100%)
[37.647s][info][gc] GC(302) Garbage Collection (Allocation Rate) 12M(100%)->12M(100%)
[37.747s][info][gc] GC(303) Garbage Collection (Allocation Rate) 12M(100%)->12M(100%)
[37.848s][info][gc] GC(304) Garbage Collection (Allocation Rate) 12M(100%)->12M(100%)
[37.947s][info][gc] GC(305) Garbage Collection (Allocation Rate) 12M(100%)->12M(100%)
[38.047s][info][gc] GC(306) Garbage Collection (Allocation Rate) 12M(100%)->12M(100%)
[38.147s][info][gc] GC(307) Garbage Collection (Allocation Rate) 12M(100%)->12M(100%)
[38.247s][info][gc] GC(308) Garbage Collection (Allocation Rate) 12M(100%)->12M(100%)
[38.347s][info][gc] GC(309) Garbage Collection (Allocation Rate) 12M(100%)->12M(100%)
[38.447s][info][gc] GC(310) Garbage Collection (Allocation Rate) 12M(100%)->12M(100%)
[38.548s][info][gc] GC(311) Garbage Collection (Allocation Rate) 12M(100%)->12M(100%)
[38.648s][info][gc] GC(312) Garbage Collection (Allocation Rate) 12M(100%)->12M(100%)
[38.748s][info][gc] GC(313) Garbage Collection (Allocation Rate) 12M(100%)->12M(100%)
[38.847s][info][gc] GC(314) Garbage Collection (Allocation Rate) 12M(100%)->12M(100%)
[38.947s][info][gc] GC(315) Garbage Collection (Allocation Rate) 12M(100%)->12M(100%)
[39.047s][info][gc] GC(316) Garbage Collection (Allocation Rate) 12M(100%)->12M(100%)
[39.147s][info][gc] GC(317) Garbage Collection (Allocation Rate) 12M(100%)->12M(100%)
[39.247s][info][gc] GC(318) Garbage Collection (Allocation Rate) 12M(100%)->12M(100%)
[39.347s][info][gc] GC(319) Garbage Collection (Allocation Rate) 12M(100%)->12M(100%)
[39.447s][info][gc] GC(320) Garbage Collection (Allocation Rate) 12M(100%)->12M(100%)
[39.547s][info][gc] GC(321) Garbage Collection (Allocation Rate) 12M(100%)->12M(100%)
[39.647s][info][gc] GC(322) Garbage Collection (Allocation Rate) 12M(100%)->12M(100%)
[39.748s][info][gc] GC(323) Garbage Collection (Allocation Rate) 12M(100%)->12M(100%)
[39.847s][info][gc] GC(324) Garbage Collection (Allocation Rate) 12M(100%)->12M(100%)
[39.947s][info][gc] GC(325) Garbage Collection (Allocation Rate) 12M(100%)->12M(100%)
[40.049s][info][gc] GC(326) Garbage Collection (Allocation Rate) 12M(100%)->12M(100%)
[40.148s][info][gc] GC(327) Garbage Collection (Allocation Rate) 12M(100%)->12M(100%)
[40.247s][info][gc] GC(328) Garbage Collection (Allocation Rate) 12M(100%)->12M(100%)
[40.347s][info][gc] GC(329) Garbage Collection (Allocation Rate) 12M(100%)->12M(100%)
[40.447s][info][gc] GC(330) Garbage Collection (Allocation Rate) 12M(100%)->12M(100%)
[40.547s][info][gc] GC(331) Garbage Collection (Allocation Rate) 12M(100%)->12M(100%)
[40.647s][info][gc] GC(332) Garbage Collection (Allocation Rate) 12M(100%)->12M(100%)
[40.748s][info][gc] GC(333) Garbage Collection (Allocation Rate) 12M(100%)->12M(100%)
[40.847s][info][gc] GC(334) Garbage Collection (Allocation Rate) 12M(100%)->12M(100%)
[40.947s][info][gc] GC(335) Garbage Collection (Allocation Rate) 12M(100%)->12M(100%)
[41.048s][info][gc] GC(336) Garbage Collection (Allocation Rate) 12M(100%)->12M(100%)
[41.147s][info][gc] GC(337) Garbage Collection (Allocation Rate) 12M(100%)->12M(100%)
[41.247s][info][gc] GC(338) Garbage Collection (Allocation Rate) 12M(100%)->12M(100%)
[41.347s][info][gc] GC(339) Garbage Collection (Allocation Rate) 12M(100%)->12M(100%)
[41.447s][info][gc] GC(340) Garbage Collection (Allocation Rate) 12M(100%)->12M(100%)
[41.548s][info][gc] GC(341) Garbage Collection (Allocation Rate) 12M(100%)->12M(100%)
[41.647s][info][gc] GC(342) Garbage Collection (Allocation Rate) 12M(100%)->12M(100%)
[41.747s][info][gc] GC(343) Garbage Collection (Allocation Rate) 12M(100%)->12M(100%)
[41.847s][info][gc] GC(344) Garbage Collection (Allocation Rate) 12M(100%)->12M(100%)
[41.947s][info][gc] GC(345) Garbage Collection (Allocation Rate) 12M(100%)->12M(100%)
[42.048s][info][gc] GC(346) Garbage Collection (Allocation Rate) 12M(100%)->12M(100%)
[42.148s][info][gc] GC(347) Garbage Collection (Allocation Rate) 12M(100%)->12M(100%)
[42.247s][info][gc] GC(348) Garbage Collection (Allocation Rate) 12M(100%)->12M(100%)
[42.348s][info][gc] GC(349) Garbage Collection (Allocation Rate) 12M(100%)->12M(100%)
[42.447s][info][gc] GC(350) Garbage Collection (Allocation Rate) 12M(100%)->12M(100%)
[42.549s][info][gc] GC(351) Garbage Collection (Allocation Rate) 12M(100%)->12M(100%)
[42.647s][info][gc] GC(352) Garbage Collection (Allocation Rate) 12M(100%)->12M(100%)
[42.747s][info][gc] GC(353) Garbage Collection (Allocation Rate) 12M(100%)->12M(100%)
[42.848s][info][gc] GC(354) Garbage Collection (Allocation Rate) 12M(100%)->12M(100%)
[42.949s][info][gc] GC(355) Garbage Collection (Allocation Rate) 12M(100%)->12M(100%)
[43.047s][info][gc] GC(356) Garbage Collection (Allocation Rate) 12M(100%)->12M(100%)
[43.147s][info][gc] GC(357) Garbage Collection (Allocation Rate) 12M(100%)->12M(100%)
[43.231s][info][gc] GC(358) Garbage Collection (Allocation Stall) 12M(100%)->12M(100%)
[43.231s][info][gc] Allocation Stall (RMI TCP Accept-0) 21.437ms
[43.255s][info][gc] GC(359) Garbage Collection (Allocation Stall) 12M(100%)->12M(100%)
[43.255s][info][gc] Allocation Stall (RMI TCP Accept-0) 23.859ms
[43.255s][info][gc] Out Of Memory (RMI TCP Accept-0)
[43.271s][info][gc] GC(360) Garbage Collection (Allocation Stall) 12M(100%)->12M(100%)
[43.271s][info][gc] Allocation Stall (RMI TCP Accept-0) 15.915ms
[43.283s][info][gc] GC(361) Garbage Collection (Allocation Stall) 12M(100%)->12M(100%)
[43.283s][info][gc] Allocation Stall (RMI TCP Accept-0) 11.993ms
[43.283s][info][gc] Out Of Memory (RMI TCP Accept-0)
[43.297s][info][gc] GC(362) Garbage Collection (Allocation Stall) 12M(100%)->12M(100%)
[43.297s][info][gc] Allocation Stall (RMI TCP Accept-0) 14.327ms
[43.310s][info][gc] GC(363) Garbage Collection (Allocation Stall) 12M(100%)->12M(100%)
[43.310s][info][gc] Allocation Stall (RMI TCP Accept-0) 12.392ms
[43.310s][info][gc] Out Of Memory (RMI TCP Accept-0)
[43.322s][info][gc] GC(364) Garbage Collection (Allocation Stall) 12M(100%)->12M(100%)
[43.322s][info][gc] Allocation Stall (RMI TCP Accept-0) 12.231ms
[43.336s][info][gc] GC(365) Garbage Collection (Allocation Stall) 12M(100%)->12M(100%)
[43.336s][info][gc] Allocation Stall (RMI TCP Accept-0) 13.986ms
[43.336s][info][gc] Out Of Memory (RMI TCP Accept-0)
[43.350s][info][gc] GC(366) Garbage Collection (Allocation Stall) 12M(100%)->12M(100%)
[43.350s][info][gc] Allocation Stall (RMI TCP Accept-0) 14.144ms
[43.363s][info][gc] GC(367) Garbage Collection (Allocation Stall) 12M(100%)->12M(100%)
[43.363s][info][gc] Allocation Stall (RMI TCP Accept-0) 12.192ms
[43.363s][info][gc] Out Of Memory (RMI TCP Accept-0)
[43.375s][info][gc] GC(368) Garbage Collection (Allocation Stall) 12M(100%)->12M(100%)
[43.375s][info][gc] Allocation Stall (RMI TCP Accept-0) 11.989ms
[43.387s][info][gc] GC(369) Garbage Collection (Allocation Stall) 12M(100%)->12M(100%)
[43.387s][info][gc] Allocation Stall (RMI TCP Accept-0) 12.108ms
[43.387s][info][gc] Out Of Memory (RMI TCP Accept-0)
[43.399s][info][gc] GC(370) Garbage Collection (Allocation Stall) 12M(100%)->12M(100%)
[43.399s][info][gc] Allocation Stall (RMI TCP Accept-0) 11.686ms
[43.411s][info][gc] GC(371) Garbage Collection (Allocation Stall) 12M(100%)->12M(100%)
[43.411s][info][gc] Allocation Stall (RMI TCP Accept-0) 12.571ms
[43.411s][info][gc] Out Of Memory (RMI TCP Accept-0)
[43.423s][info][gc] GC(372) Garbage Collection (Allocation Stall) 12M(100%)->12M(100%)
[43.423s][info][gc] Allocation Stall (RMI TCP Accept-0) 11.941ms
[43.436s][info][gc] GC(373) Garbage Collection (Allocation Stall) 12M(100%)->12M(100%)
[43.436s][info][gc] Allocation Stall (RMI TCP Accept-0) 12.576ms
[43.436s][info][gc] Out Of Memory (RMI TCP Accept-0)
[43.447s][info][gc] GC(374) Garbage Collection (Allocation Stall) 12M(100%)->12M(100%)
[43.447s][info][gc] Allocation Stall (RMI TCP Accept-0) 11.163ms
[43.460s][info][gc] GC(375) Garbage Collection (Allocation Stall) 12M(100%)->12M(100%)
[43.460s][info][gc] Allocation Stall (RMI TCP Accept-0) 12.446ms
[43.460s][info][gc] Out Of Memory (RMI TCP Accept-0)
[43.472s][info][gc] GC(376) Garbage Collection (Allocation Stall) 12M(100%)->12M(100%)
[43.472s][info][gc] Allocation Stall (RMI TCP Accept-0) 12.100ms
[43.487s][info][gc] GC(377) Garbage Collection (Allocation Stall) 12M(100%)->12M(100%)
[43.487s][info][gc] Allocation Stall (RMI TCP Accept-0) 14.763ms
[43.487s][info][gc] Out Of Memory (RMI TCP Accept-0)
[43.501s][info][gc] GC(378) Garbage Collection (Allocation Stall) 12M(100%)->12M(100%)
[43.501s][info][gc] Allocation Stall (RMI TCP Accept-0) 14.091ms
[43.515s][info][gc] GC(379) Garbage Collection (Allocation Stall) 12M(100%)->12M(100%)
[43.516s][info][gc] Allocation Stall (RMI TCP Accept-0) 14.597ms
[43.516s][info][gc] Out Of Memory (RMI TCP Accept-0)
[43.530s][info][gc] GC(380) Garbage Collection (Allocation Stall) 12M(100%)->12M(100%)
[43.531s][info][gc] Allocation Stall (RMI TCP Accept-0) 14.861ms
[43.544s][info][gc] GC(381) Garbage Collection (Allocation Stall) 12M(100%)->12M(100%)
[43.544s][info][gc] Allocation Stall (RMI TCP Accept-0) 13.184ms
[43.544s][info][gc] Out Of Memory (RMI TCP Accept-0)
[43.558s][info][gc] GC(382) Garbage Collection (Allocation Stall) 12M(100%)->12M(100%)
[43.558s][info][gc] Allocation Stall (RMI TCP Accept-0) 14.451ms
[43.573s][info][gc] GC(383) Garbage Collection (Allocation Stall) 12M(100%)->12M(100%)
[43.573s][info][gc] Allocation Stall (RMI TCP Accept-0) 14.947ms
[43.573s][info][gc] Out Of Memory (RMI TCP Accept-0)
[43.587s][info][gc] GC(384) Garbage Collection (Allocation Stall) 12M(100%)->12M(100%)
[43.587s][info][gc] Allocation Stall (RMI TCP Accept-0) 13.446ms
[43.600s][info][gc] GC(385) Garbage Collection (Allocation Stall) 12M(100%)->12M(100%)
[43.600s][info][gc] Allocation Stall (RMI TCP Accept-0) 12.870ms
[43.600s][info][gc] Out Of Memory (RMI TCP Accept-0)
[43.612s][info][gc] GC(386) Garbage Collection (Allocation Stall) 12M(100%)->12M(100%)
[43.612s][info][gc] Allocation Stall (RMI TCP Accept-0) 12.535ms
[43.626s][info][gc] GC(387) Garbage Collection (Allocation Stall) 12M(100%)->12M(100%)
[43.626s][info][gc] Allocation Stall (RMI TCP Accept-0) 13.989ms
[43.627s][info][gc] Out Of Memory (RMI TCP Accept-0)
[43.639s][info][gc] GC(388) Garbage Collection (Allocation Stall) 12M(100%)->12M(100%)
[43.639s][info][gc] Allocation Stall (RMI TCP Accept-0) 12.247ms
[43.651s][info][gc] GC(389) Garbage Collection (Allocation Stall) 12M(100%)->12M(100%)
[43.651s][info][gc] Allocation Stall (RMI TCP Accept-0) 12.200ms
[43.651s][info][gc] Out Of Memory (RMI TCP Accept-0)
[43.665s][info][gc] GC(390) Garbage Collection (Allocation Stall) 12M(100%)->12M(100%)
[43.665s][info][gc] Allocation Stall (RMI TCP Accept-0) 13.512ms
[43.678s][info][gc] GC(391) Garbage Collection (Allocation Stall) 12M(100%)->12M(100%)
[43.678s][info][gc] Allocation Stall (RMI TCP Accept-0) 13.094ms
[43.678s][info][gc] Out Of Memory (RMI TCP Accept-0)
[43.691s][info][gc] GC(392) Garbage Collection (Allocation Stall) 12M(100%)->12M(100%)
[43.691s][info][gc] Allocation Stall (RMI TCP Accept-0) 13.353ms
[43.705s][info][gc] GC(393) Garbage Collection (Allocation Stall) 12M(100%)->12M(100%)
[43.705s][info][gc] Allocation Stall (RMI TCP Accept-0) 13.485ms
[43.705s][info][gc] Out Of Memory (RMI TCP Accept-0)
[43.718s][info][gc] GC(394) Garbage Collection (Allocation Stall) 12M(100%)->12M(100%)
[43.718s][info][gc] Allocation Stall (RMI TCP Accept-0) 13.176ms
[43.730s][info][gc] GC(395) Garbage Collection (Allocation Stall) 12M(100%)->12M(100%)
[43.731s][info][gc] Allocation Stall (RMI TCP Accept-0) 12.486ms
[43.731s][info][gc] Out Of Memory (RMI TCP Accept-0)
[43.743s][info][gc] GC(396) Garbage Collection (Allocation Stall) 12M(100%)->12M(100%)
[43.743s][info][gc] Allocation Stall (RMI TCP Accept-0) 12.058ms
[43.755s][info][gc] GC(397) Garbage Collection (Allocation Stall) 12M(100%)->12M(100%)
[43.755s][info][gc] Allocation Stall (RMI TCP Accept-0) 12.197ms
[43.755s][info][gc] Out Of Memory (RMI TCP Accept-0)
[43.766s][info][gc] GC(398) Garbage Collection (Allocation Stall) 12M(100%)->12M(100%)
[43.766s][info][gc] Allocation Stall (RMI TCP Accept-0) 11.350ms
[43.778s][info][gc] GC(399) Garbage Collection (Allocation Stall) 12M(100%)->12M(100%)
[43.778s][info][gc] Allocation Stall (RMI TCP Accept-0) 11.341ms
[43.778s][info][gc] Out Of Memory (RMI TCP Accept-0)
[43.789s][info][gc] GC(400) Garbage Collection (Allocation Stall) 12M(100%)->12M(100%)
[43.789s][info][gc] Allocation Stall (RMI TCP Accept-0) 10.757ms
[43.799s][info][gc] GC(401) Garbage Collection (Allocation Stall) 12M(100%)->12M(100%)
[43.799s][info][gc] Allocation Stall (RMI TCP Accept-0) 10.663ms
[43.799s][info][gc] Out Of Memory (RMI TCP Accept-0)
[43.810s][info][gc] GC(402) Garbage Collection (Allocation Stall) 12M(100%)->12M(100%)
[43.810s][info][gc] Allocation Stall (RMI TCP Accept-0) 10.593ms
[43.822s][info][gc] GC(403) Garbage Collection (Allocation Stall) 12M(100%)->12M(100%)
[43.822s][info][gc] Allocation Stall (RMI TCP Accept-0) 11.544ms
[43.822s][info][gc] Out Of Memory (RMI TCP Accept-0)
[43.833s][info][gc] GC(404) Garbage Collection (Allocation Stall) 12M(100%)->12M(100%)
[43.833s][info][gc] Allocation Stall (RMI TCP Accept-0) 10.882ms
[43.843s][info][gc] GC(405) Garbage Collection (Allocation Stall) 12M(100%)->12M(100%)
[43.843s][info][gc] Allocation Stall (RMI TCP Accept-0) 10.490ms
[43.843s][info][gc] Out Of Memory (RMI TCP Accept-0)
[43.854s][info][gc] GC(406) Garbage Collection (Allocation Stall) 12M(100%)->12M(100%)
[43.854s][info][gc] Allocation Stall (RMI TCP Accept-0) 10.561ms
[43.865s][info][gc] GC(407) Garbage Collection (Allocation Stall) 12M(100%)->12M(100%)
[43.865s][info][gc] Allocation Stall (RMI TCP Accept-0) 10.946ms
[43.865s][info][gc] Out Of Memory (RMI TCP Accept-0)
[43.876s][info][gc] GC(408) Garbage Collection (Allocation Stall) 12M(100%)->12M(100%)
[43.876s][info][gc] Allocation Stall (RMI TCP Accept-0) 10.769ms
[43.886s][info][gc] GC(409) Garbage Collection (Allocation Stall) 12M(100%)->12M(100%)
[43.886s][info][gc] Allocation Stall (RMI TCP Accept-0) 10.670ms
[43.886s][info][gc] Out Of Memory (RMI TCP Accept-0)
[43.897s][info][gc] GC(410) Garbage Collection (Allocation Stall) 12M(100%)->12M(100%)
[43.897s][info][gc] Allocation Stall (RMI TCP Accept-0) 10.638ms
[43.908s][info][gc] GC(411) Garbage Collection (Allocation Stall) 12M(100%)->12M(100%)
[43.908s][info][gc] Allocation Stall (RMI TCP Accept-0) 10.670ms
[43.908s][info][gc] Out Of Memory (RMI TCP Accept-0)
[43.918s][info][gc] GC(412) Garbage Collection (Allocation Stall) 12M(100%)->12M(100%)
[43.918s][info][gc] Allocation Stall (RMI TCP Accept-0) 10.570ms
[43.929s][info][gc] GC(413) Garbage Collection (Allocation Stall) 12M(100%)->12M(100%)
[43.929s][info][gc] Allocation Stall (RMI TCP Accept-0) 10.528ms
[43.929s][info][gc] Out Of Memory (RMI TCP Accept-0)
[43.940s][info][gc] GC(414) Garbage Collection (Allocation Stall) 12M(100%)->12M(100%)
[43.940s][info][gc] Allocation Stall (RMI TCP Accept-0) 10.610ms
[43.950s][info][gc] GC(415) Garbage Collection (Allocation Stall) 12M(100%)->12M(100%)
[43.950s][info][gc] Allocation Stall (RMI TCP Accept-0) 10.598ms
[43.950s][info][gc] Out Of Memory (RMI TCP Accept-0)
[43.961s][info][gc] GC(416) Garbage Collection (Allocation Stall) 12M(100%)->12M(100%)
[43.961s][info][gc] Allocation Stall (RMI TCP Accept-0) 10.433ms
[43.971s][info][gc] GC(417) Garbage Collection (Allocation Stall) 12M(100%)->12M(100%)
[43.971s][info][gc] Allocation Stall (RMI TCP Accept-0) 10.504ms
[43.971s][info][gc] Out Of Memory (RMI TCP Accept-0)
[43.982s][info][gc] GC(418) Garbage Collection (Allocation Stall) 12M(100%)->12M(100%)
[43.982s][info][gc] Allocation Stall (RMI TCP Accept-0) 10.580ms
[43.992s][info][gc] GC(419) Garbage Collection (Allocation Stall) 12M(100%)->12M(100%)
[43.993s][info][gc] Allocation Stall (RMI TCP Accept-0) 10.450ms
[43.993s][info][gc] Out Of Memory (RMI TCP Accept-0)
[44.003s][info][gc] GC(420) Garbage Collection (Allocation Stall) 12M(100%)->12M(100%)
[44.003s][info][gc] Allocation Stall (RMI TCP Accept-0) 10.467ms
[44.014s][info][gc] GC(421) Garbage Collection (Allocation Stall) 12M(100%)->12M(100%)
[44.014s][info][gc] Allocation Stall (RMI TCP Accept-0) 10.564ms
[44.014s][info][gc] Out Of Memory (RMI TCP Accept-0)
[44.025s][info][gc] GC(422) Garbage Collection (Allocation Stall) 12M(100%)->12M(100%)
[44.025s][info][gc] Allocation Stall (RMI TCP Accept-0) 10.790ms
[44.035s][info][gc] GC(423) Garbage Collection (Allocation Stall) 12M(100%)->12M(100%)
[44.035s][info][gc] Allocation Stall (RMI TCP Accept-0) 10.719ms
[44.035s][info][gc] Out Of Memory (RMI TCP Accept-0)
[44.047s][info][gc] GC(424) Garbage Collection (Allocation Rate) 12M(100%)->12M(100%)
[44.148s][info][gc] GC(425) Garbage Collection (Allocation Rate) 12M(100%)->12M(100%)
[44.248s][info][gc] GC(426) Garbage Collection (Allocation Rate) 12M(100%)->12M(100%)
[44.347s][info][gc] GC(427) Garbage Collection (Allocation Rate) 12M(100%)->12M(100%)
[44.447s][info][gc] GC(428) Garbage Collection (Allocation Rate) 12M(100%)->12M(100%)
[44.547s][info][gc] GC(429) Garbage Collection (Allocation Rate) 12M(100%)->12M(100%)
[44.647s][info][gc] GC(430) Garbage Collection (Allocation Rate) 12M(100%)->12M(100%)
[44.747s][info][gc] GC(431) Garbage Collection (Allocation Rate) 12M(100%)->12M(100%)
[44.847s][info][gc] GC(432) Garbage Collection (Allocation Rate) 12M(100%)->12M(100%)
[44.947s][info][gc] GC(433) Garbage Collection (Allocation Rate) 12M(100%)->12M(100%)
[45.047s][info][gc] GC(434) Garbage Collection (Allocation Rate) 12M(100%)->12M(100%)
[45.147s][info][gc] GC(435) Garbage Collection (Allocation Rate) 12M(100%)->12M(100%)
[45.248s][info][gc] GC(436) Garbage Collection (Allocation Rate) 12M(100%)->12M(100%)
[45.348s][info][gc] GC(437) Garbage Collection (Allocation Rate) 12M(100%)->12M(100%)
[45.448s][info][gc] GC(438) Garbage Collection (Allocation Rate) 12M(100%)->12M(100%)
[45.547s][info][gc] GC(439) Garbage Collection (Allocation Rate) 12M(100%)->12M(100%)
[45.647s][info][gc] GC(440) Garbage Collection (Allocation Rate) 12M(100%)->12M(100%)
[45.747s][info][gc] GC(441) Garbage Collection (Allocation Rate) 12M(100%)->12M(100%)
[45.847s][info][gc] GC(442) Garbage Collection (Allocation Rate) 12M(100%)->12M(100%)
[45.947s][info][gc] GC(443) Garbage Collection (Allocation Rate) 12M(100%)->12M(100%)
[46.047s][info][gc] GC(444) Garbage Collection (Allocation Rate) 12M(100%)->12M(100%)
[46.147s][info][gc] GC(445) Garbage Collection (Allocation Rate) 12M(100%)->12M(100%)
[46.248s][info][gc] GC(446) Garbage Collection (Allocation Rate) 12M(100%)->12M(100%)
[46.347s][info][gc] GC(447) Garbage Collection (Allocation Rate) 12M(100%)->12M(100%)
[46.448s][info][gc] GC(448) Garbage Collection (Allocation Rate) 12M(100%)->12M(100%)
[46.548s][info][gc] GC(449) Garbage Collection (Allocation Rate) 12M(100%)->12M(100%)
[46.647s][info][gc] GC(450) Garbage Collection (Allocation Rate) 12M(100%)->12M(100%)
[46.747s][info][gc] GC(451) Garbage Collection (Allocation Rate) 12M(100%)->12M(100%)
[46.847s][info][gc] GC(452) Garbage Collection (Allocation Rate) 12M(100%)->12M(100%)
[46.947s][info][gc] GC(453) Garbage Collection (Allocation Rate) 12M(100%)->12M(100%)
[47.047s][info][gc] GC(454) Garbage Collection (Allocation Rate) 12M(100%)->12M(100%)
[47.147s][info][gc] GC(455) Garbage Collection (Allocation Rate) 12M(100%)->12M(100%)
[47.248s][info][gc] GC(456) Garbage Collection (Allocation Rate) 12M(100%)->12M(100%)
[47.347s][info][gc] GC(457) Garbage Collection (Allocation Rate) 12M(100%)->12M(100%)
[47.451s][info][gc] GC(458) Garbage Collection (Allocation Rate) 12M(100%)->12M(100%)
[47.551s][info][gc] GC(459) Garbage Collection (Allocation Rate) 12M(100%)->12M(100%)
[47.650s][info][gc] GC(460) Garbage Collection (Allocation Rate) 12M(100%)->12M(100%)
[47.747s][info][gc] GC(461) Garbage Collection (Allocation Rate) 12M(100%)->12M(100%)
[47.847s][info][gc] GC(462) Garbage Collection (Allocation Rate) 12M(100%)->12M(100%)
[47.947s][info][gc] GC(463) Garbage Collection (Allocation Rate) 12M(100%)->12M(100%)
[48.048s][info][gc] GC(464) Garbage Collection (Allocation Rate) 12M(100%)->12M(100%)
[48.150s][info][gc] GC(465) Garbage Collection (Allocation Rate) 12M(100%)->12M(100%)
[48.248s][info][gc] GC(466) Garbage Collection (Allocation Rate) 12M(100%)->12M(100%)
[48.347s][info][gc] GC(467) Garbage Collection (Allocation Rate) 12M(100%)->12M(100%)
[48.448s][info][gc] GC(468) Garbage Collection (Allocation Rate) 12M(100%)->12M(100%)
[48.548s][info][gc] GC(469) Garbage Collection (Allocation Rate) 12M(100%)->12M(100%)
[48.649s][info][gc] GC(470) Garbage Collection (Allocation Rate) 12M(100%)->12M(100%)
[48.747s][info][gc] GC(471) Garbage Collection (Allocation Rate) 12M(100%)->12M(100%)
[48.847s][info][gc] GC(472) Garbage Collection (Allocation Rate) 12M(100%)->12M(100%)
[48.949s][info][gc] GC(473) Garbage Collection (Allocation Rate) 12M(100%)->12M(100%)
[49.048s][info][gc] GC(474) Garbage Collection (Allocation Rate) 12M(100%)->12M(100%)
[49.148s][info][gc] GC(475) Garbage Collection (Allocation Rate) 12M(100%)->12M(100%)
[49.248s][info][gc] GC(476) Garbage Collection (Allocation Rate) 12M(100%)->12M(100%)
[49.348s][info][gc] GC(477) Garbage Collection (Allocation Rate) 12M(100%)->12M(100%)
[49.448s][info][gc] GC(478) Garbage Collection (Allocation Rate) 12M(100%)->12M(100%)
[49.548s][info][gc] GC(479) Garbage Collection (Allocation Rate) 12M(100%)->12M(100%)
[49.647s][info][gc] GC(480) Garbage Collection (Allocation Rate) 12M(100%)->12M(100%)
[49.747s][info][gc] GC(481) Garbage Collection (Allocation Rate) 12M(100%)->12M(100%)
[49.848s][info][gc] GC(482) Garbage Collection (Allocation Rate) 12M(100%)->12M(100%)
[49.948s][info][gc] GC(483) Garbage Collection (Allocation Rate) 12M(100%)->12M(100%)
[50.049s][info][gc] GC(484) Garbage Collection (Allocation Rate) 12M(100%)->12M(100%)
[50.148s][info][gc] GC(485) Garbage Collection (Allocation Rate) 12M(100%)->12M(100%)
[50.247s][info][gc] GC(486) Garbage Collection (Allocation Rate) 12M(100%)->12M(100%)
[50.347s][info][gc] GC(487) Garbage Collection (Allocation Rate) 12M(100%)->12M(100%)
[50.450s][info][gc] GC(488) Garbage Collection (Allocation Rate) 12M(100%)->12M(100%)
[50.548s][info][gc] GC(489) Garbage Collection (Allocation Rate) 12M(100%)->12M(100%)
[50.647s][info][gc] GC(490) Garbage Collection (Allocation Rate) 12M(100%)->12M(100%)
[50.749s][info][gc] GC(491) Garbage Collection (Allocation Rate) 12M(100%)->12M(100%)
[50.848s][info][gc] GC(492) Garbage Collection (Allocation Rate) 12M(100%)->12M(100%)
[50.948s][info][gc] GC(493) Garbage Collection (Allocation Rate) 12M(100%)->12M(100%)
[51.048s][info][gc] GC(494) Garbage Collection (Allocation Rate) 12M(100%)->12M(100%)
[51.148s][info][gc] GC(495) Garbage Collection (Allocation Rate) 12M(100%)->12M(100%)
[51.248s][info][gc] GC(496) Garbage Collection (Allocation Rate) 12M(100%)->12M(100%)
[51.347s][info][gc] GC(497) Garbage Collection (Allocation Rate) 12M(100%)->12M(100%)
[51.447s][info][gc] GC(498) Garbage Collection (Allocation Rate) 12M(100%)->12M(100%)
[51.547s][info][gc] GC(499) Garbage Collection (Allocation Rate) 12M(100%)->12M(100%)
[51.647s][info][gc] GC(500) Garbage Collection (Allocation Rate) 12M(100%)->12M(100%)
[51.748s][info][gc] GC(501) Garbage Collection (Allocation Rate) 12M(100%)->12M(100%)
[51.848s][info][gc] GC(502) Garbage Collection (Allocation Rate) 12M(100%)->12M(100%)
[51.948s][info][gc] GC(503) Garbage Collection (Allocation Rate) 12M(100%)->12M(100%)
[52.048s][info][gc] GC(504) Garbage Collection (Allocation Rate) 12M(100%)->12M(100%)
[52.148s][info][gc] GC(505) Garbage Collection (Allocation Rate) 12M(100%)->12M(100%)
[52.248s][info][gc] GC(506) Garbage Collection (Allocation Rate) 12M(100%)->12M(100%)
[52.348s][info][gc] GC(507) Garbage Collection (Allocation Rate) 12M(100%)->12M(100%)
[52.447s][info][gc] GC(508) Garbage Collection (Allocation Rate) 12M(100%)->12M(100%)
[52.547s][info][gc] GC(509) Garbage Collection (Allocation Rate) 12M(100%)->12M(100%)
[52.647s][info][gc] GC(510) Garbage Collection (Allocation Rate) 12M(100%)->12M(100%)
[52.747s][info][gc] GC(511) Garbage Collection (Allocation Rate) 12M(100%)->12M(100%)
[52.848s][info][gc] GC(512) Garbage Collection (Allocation Rate) 12M(100%)->12M(100%)
[52.947s][info][gc] GC(513) Garbage Collection (Allocation Rate) 12M(100%)->12M(100%)
[53.048s][info][gc] GC(514) Garbage Collection (Allocation Rate) 12M(100%)->12M(100%)
[53.148s][info][gc] GC(515) Garbage Collection (Allocation Rate) 12M(100%)->12M(100%)
[53.248s][info][gc] GC(516) Garbage Collection (Allocation Rate) 12M(100%)->12M(100%)
[53.348s][info][gc] GC(517) Garbage Collection (Allocation Rate) 12M(100%)->12M(100%)
[53.448s][info][gc] GC(518) Garbage Collection (Allocation Rate) 12M(100%)->12M(100%)
[53.547s][info][gc] GC(519) Garbage Collection (Allocation Rate) 12M(100%)->12M(100%)
[53.647s][info][gc] GC(520) Garbage Collection (Allocation Rate) 12M(100%)->12M(100%)
[53.747s][info][gc] GC(521) Garbage Collection (Allocation Rate) 12M(100%)->12M(100%)
[53.847s][info][gc] GC(522) Garbage Collection (Allocation Rate) 12M(100%)->12M(100%)
[53.947s][info][gc] GC(523) Garbage Collection (Allocation Rate) 12M(100%)->12M(100%)
[54.047s][info][gc] GC(524) Garbage Collection (Allocation Stall) 12M(100%)->12M(100%)
[54.047s][info][gc] Allocation Stall (RMI TCP Accept-0) 10.990ms
[54.057s][info][gc] GC(525) Garbage Collection (Allocation Stall) 12M(100%)->12M(100%)
[54.057s][info][gc] Allocation Stall (RMI TCP Accept-0) 10.451ms
[54.057s][info][gc] Out Of Memory (RMI TCP Accept-0)
[54.068s][info][gc] GC(526) Garbage Collection (Allocation Stall) 12M(100%)->12M(100%)
[54.068s][info][gc] Allocation Stall (RMI TCP Accept-0) 10.555ms
[54.078s][info][gc] GC(527) Garbage Collection (Allocation Stall) 12M(100%)->12M(100%)
[54.078s][info][gc] Allocation Stall (RMI TCP Accept-0) 10.354ms
[54.078s][info][gc] Out Of Memory (RMI TCP Accept-0)
[54.089s][info][gc] GC(528) Garbage Collection (Allocation Stall) 12M(100%)->12M(100%)
[54.089s][info][gc] Allocation Stall (RMI TCP Accept-0) 10.537ms
[54.100s][info][gc] GC(529) Garbage Collection (Allocation Stall) 12M(100%)->12M(100%)
[54.100s][info][gc] Allocation Stall (RMI TCP Accept-0) 11.210ms
[54.100s][info][gc] Out Of Memory (RMI TCP Accept-0)
[54.111s][info][gc] GC(530) Garbage Collection (Allocation Stall) 12M(100%)->12M(100%)
[54.111s][info][gc] Allocation Stall (RMI TCP Accept-0) 10.783ms
[54.121s][info][gc] GC(531) Garbage Collection (Allocation Stall) 12M(100%)->12M(100%)
[54.121s][info][gc] Allocation Stall (RMI TCP Accept-0) 10.495ms
[54.121s][info][gc] Out Of Memory (RMI TCP Accept-0)
[54.132s][info][gc] GC(532) Garbage Collection (Allocation Stall) 12M(100%)->12M(100%)
[54.132s][info][gc] Allocation Stall (RMI TCP Accept-0) 10.748ms
[54.143s][info][gc] GC(533) Garbage Collection (Allocation Stall) 12M(100%)->12M(100%)
[54.143s][info][gc] Allocation Stall (RMI TCP Accept-0) 10.853ms
[54.143s][info][gc] Out Of Memory (RMI TCP Accept-0)
[54.154s][info][gc] GC(534) Garbage Collection (Allocation Stall) 12M(100%)->12M(100%)
[54.154s][info][gc] Allocation Stall (RMI TCP Accept-0) 10.522ms
[54.164s][info][gc] GC(535) Garbage Collection (Allocation Stall) 12M(100%)->12M(100%)
[54.164s][info][gc] Allocation Stall (RMI TCP Accept-0) 10.427ms
[54.164s][info][gc] Out Of Memory (RMI TCP Accept-0)
[54.175s][info][gc] GC(536) Garbage Collection (Allocation Stall) 12M(100%)->12M(100%)
[54.175s][info][gc] Allocation Stall (RMI TCP Accept-0) 10.995ms
[54.186s][info][gc] GC(537) Garbage Collection (Allocation Stall) 12M(100%)->12M(100%)
[54.186s][info][gc] Allocation Stall (RMI TCP Accept-0) 10.441ms
[54.186s][info][gc] Out Of Memory (RMI TCP Accept-0)
[54.196s][info][gc] GC(538) Garbage Collection (Allocation Stall) 12M(100%)->12M(100%)
[54.196s][info][gc] Allocation Stall (RMI TCP Accept-0) 10.547ms
[54.207s][info][gc] GC(539) Garbage Collection (Allocation Stall) 12M(100%)->12M(100%)
[54.207s][info][gc] Allocation Stall (RMI TCP Accept-0) 10.942ms
[54.207s][info][gc] Out Of Memory (RMI TCP Accept-0)
[54.218s][info][gc] GC(540) Garbage Collection (Allocation Stall) 12M(100%)->12M(100%)
[54.218s][info][gc] Allocation Stall (RMI TCP Accept-0) 10.699ms
[54.229s][info][gc] GC(541) Garbage Collection (Allocation Stall) 12M(100%)->12M(100%)
[54.229s][info][gc] Allocation Stall (RMI TCP Accept-0) 10.412ms
[54.229s][info][gc] Out Of Memory (RMI TCP Accept-0)
[54.239s][info][gc] GC(542) Garbage Collection (Allocation Stall) 12M(100%)->12M(100%)
[54.239s][info][gc] Allocation Stall (RMI TCP Accept-0) 10.609ms
[54.250s][info][gc] GC(543) Garbage Collection (Allocation Stall) 12M(100%)->12M(100%)
[54.250s][info][gc] Allocation Stall (RMI TCP Accept-0) 10.457ms
[54.250s][info][gc] Out Of Memory (RMI TCP Accept-0)
[54.260s][info][gc] GC(544) Garbage Collection (Allocation Stall) 12M(100%)->12M(100%)
[54.260s][info][gc] Allocation Stall (RMI TCP Accept-0) 10.381ms
[54.271s][info][gc] GC(545) Garbage Collection (Allocation Stall) 12M(100%)->12M(100%)
[54.271s][info][gc] Allocation Stall (RMI TCP Accept-0) 10.382ms
[54.271s][info][gc] Out Of Memory (RMI TCP Accept-0)
[54.281s][info][gc] GC(546) Garbage Collection (Allocation Stall) 12M(100%)->12M(100%)
[54.281s][info][gc] Allocation Stall (RMI TCP Accept-0) 10.366ms
[54.292s][info][gc] GC(547) Garbage Collection (Allocation Stall) 12M(100%)->12M(100%)
[54.292s][info][gc] Allocation Stall (RMI TCP Accept-0) 10.412ms
[54.292s][info][gc] Out Of Memory (RMI TCP Accept-0)
[54.302s][info][gc] GC(548) Garbage Collection (Allocation Stall) 12M(100%)->12M(100%)
[54.302s][info][gc] Allocation Stall (RMI TCP Accept-0) 10.398ms
[54.313s][info][gc] GC(549) Garbage Collection (Allocation Stall) 12M(100%)->12M(100%)
[54.313s][info][gc] Allocation Stall (RMI TCP Accept-0) 10.508ms
[54.313s][info][gc] Out Of Memory (RMI TCP Accept-0)
[54.323s][info][gc] GC(550) Garbage Collection (Allocation Stall) 12M(100%)->12M(100%)
[54.324s][info][gc] Allocation Stall (RMI TCP Accept-0) 10.714ms
[54.334s][info][gc] GC(551) Garbage Collection (Allocation Stall) 12M(100%)->12M(100%)
[54.334s][info][gc] Allocation Stall (RMI TCP Accept-0) 10.670ms
[54.334s][info][gc] Out Of Memory (RMI TCP Accept-0)
[54.345s][info][gc] GC(552) Garbage Collection (Allocation Stall) 12M(100%)->12M(100%)
[54.345s][info][gc] Allocation Stall (RMI TCP Accept-0) 10.340ms
[54.355s][info][gc] GC(553) Garbage Collection (Allocation Stall) 12M(100%)->12M(100%)
[54.355s][info][gc] Allocation Stall (RMI TCP Accept-0) 10.664ms
[54.355s][info][gc] Out Of Memory (RMI TCP Accept-0)
[54.366s][info][gc] GC(554) Garbage Collection (Allocation Stall) 12M(100%)->12M(100%)
[54.366s][info][gc] Allocation Stall (RMI TCP Accept-0) 10.556ms
[54.376s][info][gc] GC(555) Garbage Collection (Allocation Stall) 12M(100%)->12M(100%)
[54.377s][info][gc] Allocation Stall (RMI TCP Accept-0) 10.583ms
[54.377s][info][gc] Out Of Memory (RMI TCP Accept-0)
[54.387s][info][gc] GC(556) Garbage Collection (Allocation Stall) 12M(100%)->12M(100%)
[54.387s][info][gc] Allocation Stall (RMI TCP Accept-0) 10.436ms
[54.397s][info][gc] GC(557) Garbage Collection (Allocation Stall) 12M(100%)->12M(100%)
[54.398s][info][gc] Allocation Stall (RMI TCP Accept-0) 10.322ms
[54.398s][info][gc] Out Of Memory (RMI TCP Accept-0)
[54.408s][info][gc] GC(558) Garbage Collection (Allocation Stall) 12M(100%)->12M(100%)
[54.408s][info][gc] Allocation Stall (RMI TCP Accept-0) 10.208ms
[54.418s][info][gc] GC(559) Garbage Collection (Allocation Stall) 12M(100%)->12M(100%)
[54.418s][info][gc] Allocation Stall (RMI TCP Accept-0) 10.115ms
[54.418s][info][gc] Out Of Memory (RMI TCP Accept-0)
[54.428s][info][gc] GC(560) Garbage Collection (Allocation Stall) 12M(100%)->12M(100%)
[54.428s][info][gc] Allocation Stall (RMI TCP Accept-0) 10.103ms
[54.439s][info][gc] GC(561) Garbage Collection (Allocation Stall) 12M(100%)->12M(100%)
[54.439s][info][gc] Allocation Stall (RMI TCP Accept-0) 10.489ms
[54.439s][info][gc] Out Of Memory (RMI TCP Accept-0)
[54.449s][info][gc] GC(562) Garbage Collection (Allocation Stall) 12M(100%)->12M(100%)
[54.449s][info][gc] Allocation Stall (RMI TCP Accept-0) 10.521ms
[54.460s][info][gc] GC(563) Garbage Collection (Allocation Stall) 12M(100%)->12M(100%)
[54.460s][info][gc] Allocation Stall (RMI TCP Accept-0) 11.197ms
[54.461s][info][gc] Out Of Memory (RMI TCP Accept-0)
[54.471s][info][gc] GC(564) Garbage Collection (Allocation Stall) 12M(100%)->12M(100%)
[54.471s][info][gc] Allocation Stall (RMI TCP Accept-0) 10.757ms
[54.482s][info][gc] GC(565) Garbage Collection (Allocation Stall) 12M(100%)->12M(100%)
[54.482s][info][gc] Allocation Stall (RMI TCP Accept-0) 11.021ms
[54.483s][info][gc] Out Of Memory (RMI TCP Accept-0)
[54.493s][info][gc] GC(566) Garbage Collection (Allocation Stall) 12M(100%)->12M(100%)
[54.493s][info][gc] Allocation Stall (RMI TCP Accept-0) 10.918ms
[54.504s][info][gc] GC(567) Garbage Collection (Allocation Stall) 12M(100%)->12M(100%)
[54.504s][info][gc] Allocation Stall (RMI TCP Accept-0) 10.876ms
[54.504s][info][gc] Out Of Memory (RMI TCP Accept-0)
[54.515s][info][gc] GC(568) Garbage Collection (Allocation Stall) 12M(100%)->12M(100%)
[54.515s][info][gc] Allocation Stall (RMI TCP Accept-0) 10.535ms
[54.525s][info][gc] GC(569) Garbage Collection (Allocation Stall) 12M(100%)->12M(100%)
[54.526s][info][gc] Allocation Stall (RMI TCP Accept-0) 10.529ms
[54.526s][info][gc] Out Of Memory (RMI TCP Accept-0)
[54.536s][info][gc] GC(570) Garbage Collection (Allocation Stall) 12M(100%)->12M(100%)
[54.536s][info][gc] Allocation Stall (RMI TCP Accept-0) 10.565ms
[54.547s][info][gc] GC(571) Garbage Collection (Allocation Stall) 12M(100%)->12M(100%)
[54.547s][info][gc] Allocation Stall (RMI TCP Accept-0) 10.578ms
[54.547s][info][gc] Out Of Memory (RMI TCP Accept-0)
[54.558s][info][gc] GC(572) Garbage Collection (Allocation Stall) 12M(100%)->12M(100%)
[54.558s][info][gc] Allocation Stall (RMI TCP Accept-0) 10.696ms
[54.568s][info][gc] GC(573) Garbage Collection (Allocation Stall) 12M(100%)->12M(100%)
[54.568s][info][gc] Allocation Stall (RMI TCP Accept-0) 10.469ms
[54.568s][info][gc] Out Of Memory (RMI TCP Accept-0)
[54.579s][info][gc] GC(574) Garbage Collection (Allocation Stall) 12M(100%)->12M(100%)
[54.579s][info][gc] Allocation Stall (RMI TCP Accept-0) 10.410ms
[54.589s][info][gc] GC(575) Garbage Collection (Allocation Stall) 12M(100%)->12M(100%)
[54.589s][info][gc] Allocation Stall (RMI TCP Accept-0) 10.429ms
[54.589s][info][gc] Out Of Memory (RMI TCP Accept-0)
[54.600s][info][gc] GC(576) Garbage Collection (Allocation Stall) 12M(100%)->12M(100%)
[54.600s][info][gc] Allocation Stall (RMI TCP Accept-0) 10.456ms
[54.610s][info][gc] GC(577) Garbage Collection (Allocation Stall) 12M(100%)->12M(100%)
[54.610s][info][gc] Allocation Stall (RMI TCP Accept-0) 10.683ms
[54.610s][info][gc] Out Of Memory (RMI TCP Accept-0)
[54.621s][info][gc] GC(578) Garbage Collection (Allocation Stall) 12M(100%)->12M(100%)
[54.621s][info][gc] Allocation Stall (RMI TCP Accept-0) 10.449ms
[54.631s][info][gc] GC(579) Garbage Collection (Allocation Stall) 12M(100%)->12M(100%)
[54.632s][info][gc] Allocation Stall (RMI TCP Accept-0) 10.546ms
[54.632s][info][gc] Out Of Memory (RMI TCP Accept-0)
[54.642s][info][gc] GC(580) Garbage Collection (Allocation Stall) 12M(100%)->12M(100%)
[54.642s][info][gc] Allocation Stall (RMI TCP Accept-0) 10.559ms
[54.653s][info][gc] GC(581) Garbage Collection (Allocation Stall) 12M(100%)->12M(100%)
[54.653s][info][gc] Allocation Stall (RMI TCP Accept-0) 10.385ms
[54.653s][info][gc] Out Of Memory (RMI TCP Accept-0)
[54.663s][info][gc] GC(582) Garbage Collection (Allocation Stall) 12M(100%)->12M(100%)
[54.663s][info][gc] Allocation Stall (RMI TCP Accept-0) 10.472ms
[54.674s][info][gc] GC(583) Garbage Collection (Allocation Stall) 12M(100%)->12M(100%)
[54.674s][info][gc] Allocation Stall (RMI TCP Accept-0) 10.507ms
[54.674s][info][gc] Out Of Memory (RMI TCP Accept-0)
[54.684s][info][gc] GC(584) Garbage Collection (Allocation Stall) 12M(100%)->12M(100%)
[54.684s][info][gc] Allocation Stall (RMI TCP Accept-0) 10.430ms
[54.695s][info][gc] GC(585) Garbage Collection (Allocation Stall) 12M(100%)->12M(100%)
[54.695s][info][gc] Allocation Stall (RMI TCP Accept-0) 10.851ms
[54.695s][info][gc] Out Of Memory (RMI TCP Accept-0)
[54.706s][info][gc] GC(586) Garbage Collection (Allocation Stall) 12M(100%)->12M(100%)
[54.706s][info][gc] Allocation Stall (RMI TCP Accept-0) 10.852ms
[54.717s][info][gc] GC(587) Garbage Collection (Allocation Stall) 12M(100%)->12M(100%)
[54.717s][info][gc] Allocation Stall (RMI TCP Accept-0) 10.747ms
[54.717s][info][gc] Out Of Memory (RMI TCP Accept-0)
[54.728s][info][gc] GC(588) Garbage Collection (Allocation Stall) 12M(100%)->12M(100%)
[54.728s][info][gc] Allocation Stall (RMI TCP Accept-0) 10.757ms
[54.738s][info][gc] GC(589) Garbage Collection (Allocation Stall) 12M(100%)->12M(100%)
[54.738s][info][gc] Allocation Stall (RMI TCP Accept-0) 10.512ms
[54.738s][info][gc] Out Of Memory (RMI TCP Accept-0)
[54.847s][info][gc] GC(590) Garbage Collection (Allocation Rate) 12M(100%)->12M(100%)
[54.947s][info][gc] GC(591) Garbage Collection (Allocation Rate) 12M(100%)->12M(100%)
[55.047s][info][gc] GC(592) Garbage Collection (Allocation Rate) 12M(100%)->12M(100%)
[55.147s][info][gc] GC(593) Garbage Collection (Allocation Rate) 12M(100%)->12M(100%)
[55.248s][info][gc] GC(594) Garbage Collection (Allocation Rate) 12M(100%)->12M(100%)
[55.347s][info][gc] GC(595) Garbage Collection (Allocation Rate) 12M(100%)->12M(100%)
[55.448s][info][gc] GC(596) Garbage Collection (Allocation Rate) 12M(100%)->12M(100%)
[55.548s][info][gc] GC(597) Garbage Collection (Allocation Rate) 12M(100%)->12M(100%)
[55.648s][info][gc] GC(598) Garbage Collection (Allocation Rate) 12M(100%)->12M(100%)
[55.748s][info][gc] GC(599) Garbage Collection (Allocation Rate) 12M(100%)->12M(100%)
[55.847s][info][gc] GC(600) Garbage Collection (Allocation Rate) 12M(100%)->12M(100%)
[55.947s][info][gc] GC(601) Garbage Collection (Allocation Rate) 12M(100%)->12M(100%)
[56.047s][info][gc] GC(602) Garbage Collection (Allocation Rate) 12M(100%)->12M(100%)
[56.147s][info][gc] GC(603) Garbage Collection (Allocation Rate) 12M(100%)->12M(100%)
[56.247s][info][gc] GC(604) Garbage Collection (Allocation Rate) 12M(100%)->12M(100%)
[56.347s][info][gc] GC(605) Garbage Collection (Allocation Rate) 12M(100%)->12M(100%)
[56.448s][info][gc] GC(606) Garbage Collection (Allocation Rate) 12M(100%)->12M(100%)
[56.548s][info][gc] GC(607) Garbage Collection (Allocation Rate) 12M(100%)->12M(100%)
[56.648s][info][gc] GC(608) Garbage Collection (Allocation Rate) 12M(100%)->12M(100%)
[56.747s][info][gc] GC(609) Garbage Collection (Allocation Rate) 12M(100%)->12M(100%)
[56.848s][info][gc] GC(610) Garbage Collection (Allocation Rate) 12M(100%)->12M(100%)
[56.947s][info][gc] GC(611) Garbage Collection (Allocation Rate) 12M(100%)->12M(100%)
[57.047s][info][gc] GC(612) Garbage Collection (Allocation Rate) 12M(100%)->12M(100%)
[57.148s][info][gc] GC(613) Garbage Collection (Allocation Rate) 12M(100%)->12M(100%)
[57.248s][info][gc] GC(614) Garbage Collection (Allocation Rate) 12M(100%)->12M(100%)
[57.348s][info][gc] GC(615) Garbage Collection (Allocation Rate) 12M(100%)->12M(100%)
[57.448s][info][gc] GC(616) Garbage Collection (Allocation Rate) 12M(100%)->12M(100%)
[57.547s][info][gc] GC(617) Garbage Collection (Allocation Rate) 12M(100%)->12M(100%)
[57.647s][info][gc] GC(618) Garbage Collection (Allocation Rate) 12M(100%)->12M(100%)
[57.748s][info][gc] GC(619) Garbage Collection (Allocation Rate) 12M(100%)->12M(100%)
[57.847s][info][gc] GC(620) Garbage Collection (Allocation Rate) 12M(100%)->12M(100%)
[57.948s][info][gc] GC(621) Garbage Collection (Allocation Rate) 12M(100%)->12M(100%)
[58.047s][info][gc] GC(622) Garbage Collection (Allocation Rate) 12M(100%)->12M(100%)
[58.148s][info][gc] GC(623) Garbage Collection (Allocation Rate) 12M(100%)->12M(100%)
[58.248s][info][gc] GC(624) Garbage Collection (Allocation Rate) 12M(100%)->12M(100%)
[58.348s][info][gc] GC(625) Garbage Collection (Allocation Rate) 12M(100%)->12M(100%)
[58.449s][info][gc] GC(626) Garbage Collection (Allocation Rate) 12M(100%)->12M(100%)
[58.548s][info][gc] GC(627) Garbage Collection (Allocation Rate) 12M(100%)->12M(100%)
[58.647s][info][gc] GC(628) Garbage Collection (Allocation Rate) 12M(100%)->12M(100%)
[58.747s][info][gc] GC(629) Garbage Collection (Allocation Rate) 12M(100%)->12M(100%)
[58.850s][info][gc] GC(630) Garbage Collection (Allocation Rate) 12M(100%)->12M(100%)
[58.949s][info][gc] GC(631) Garbage Collection (Allocation Rate) 12M(100%)->12M(100%)
[59.049s][info][gc] GC(632) Garbage Collection (Allocation Rate) 12M(100%)->12M(100%)
[59.147s][info][gc] GC(633) Garbage Collection (Allocation Rate) 12M(100%)->12M(100%)
[59.249s][info][gc] GC(634) Garbage Collection (Allocation Rate) 12M(100%)->12M(100%)
[59.347s][info][gc] GC(635) Garbage Collection (Allocation Rate) 12M(100%)->12M(100%)
[59.447s][info][gc] GC(636) Garbage Collection (Allocation Rate) 12M(100%)->12M(100%)
[59.548s][info][gc] GC(637) Garbage Collection (Allocation Rate) 12M(100%)->12M(100%)
[59.648s][info][gc] GC(638) Garbage Collection (Allocation Rate) 12M(100%)->12M(100%)
[59.749s][info][gc] GC(639) Garbage Collection (Allocation Rate) 12M(100%)->12M(100%)
[59.848s][info][gc] GC(640) Garbage Collection (Allocation Rate) 12M(100%)->12M(100%)
[59.947s][info][gc] GC(641) Garbage Collection (Allocation Rate) 12M(100%)->12M(100%)
[60.048s][info][gc] GC(642) Garbage Collection (Allocation Rate) 12M(100%)->12M(100%)
[60.147s][info][gc] GC(643) Garbage Collection (Allocation Rate) 12M(100%)->12M(100%)
[60.247s][info][gc] GC(644) Garbage Collection (Allocation Rate) 12M(100%)->12M(100%)
[60.348s][info][gc] GC(645) Garbage Collection (Allocation Rate) 12M(100%)->12M(100%)
[60.448s][info][gc] GC(646) Garbage Collection (Allocation Rate) 12M(100%)->12M(100%)
[60.547s][info][gc] GC(647) Garbage Collection (Allocation Rate) 12M(100%)->12M(100%)
[60.648s][info][gc] GC(648) Garbage Collection (Allocation Rate) 12M(100%)->12M(100%)
[60.747s][info][gc] GC(649) Garbage Collection (Allocation Rate) 12M(100%)->12M(100%)
[60.848s][info][gc] GC(650) Garbage Collection (Allocation Rate) 12M(100%)->12M(100%)
[60.948s][info][gc] GC(651) Garbage Collection (Allocation Rate) 12M(100%)->12M(100%)
[61.049s][info][gc] GC(652) Garbage Collection (Allocation Rate) 12M(100%)->12M(100%)
[61.147s][info][gc] GC(653) Garbage Collection (Allocation Rate) 12M(100%)->12M(100%)
[61.249s][info][gc] GC(654) Garbage Collection (Allocation Rate) 12M(100%)->12M(100%)
[61.348s][info][gc] GC(655) Garbage Collection (Allocation Rate) 12M(100%)->12M(100%)
[61.447s][info][gc] GC(656) Garbage Collection (Allocation Rate) 12M(100%)->12M(100%)
[61.548s][info][gc] GC(657) Garbage Collection (Allocation Rate) 12M(100%)->12M(100%)
[61.648s][info][gc] GC(658) Garbage Collection (Allocation Rate) 12M(100%)->12M(100%)
[61.747s][info][gc] GC(659) Garbage Collection (Allocation Rate) 12M(100%)->12M(100%)
[61.847s][info][gc] GC(660) Garbage Collection (Allocation Rate) 12M(100%)->12M(100%)
[61.948s][info][gc] GC(661) Garbage Collection (Allocation Rate) 12M(100%)->12M(100%)
[62.048s][info][gc] GC(662) Garbage Collection (Allocation Rate) 12M(100%)->12M(100%)
[62.147s][info][gc] GC(663) Garbage Collection (Allocation Rate) 12M(100%)->12M(100%)
[62.247s][info][gc] GC(664) Garbage Collection (Allocation Rate) 12M(100%)->12M(100%)
[62.347s][info][gc] GC(665) Garbage Collection (Allocation Rate) 12M(100%)->12M(100%)
[62.448s][info][gc] GC(666) Garbage Collection (Allocation Rate) 12M(100%)->12M(100%)
[62.549s][info][gc] GC(667) Garbage Collection (Allocation Rate) 12M(100%)->12M(100%)
[62.647s][info][gc] GC(668) Garbage Collection (Allocation Rate) 12M(100%)->12M(100%)
[62.748s][info][gc] GC(669) Garbage Collection (Allocation Rate) 12M(100%)->12M(100%)
[62.851s][info][gc] GC(670) Garbage Collection (Allocation Rate) 12M(100%)->12M(100%)
[62.948s][info][gc] GC(671) Garbage Collection (Allocation Rate) 12M(100%)->12M(100%)
[63.048s][info][gc] GC(672) Garbage Collection (Allocation Rate) 12M(100%)->12M(100%)
[63.147s][info][gc] GC(673) Garbage Collection (Allocation Rate) 12M(100%)->12M(100%)
[63.247s][info][gc] GC(674) Garbage Collection (Allocation Rate) 12M(100%)->12M(100%)
[63.348s][info][gc] GC(675) Garbage Collection (Allocation Rate) 12M(100%)->12M(100%)
[63.447s][info][gc] GC(676) Garbage Collection (Allocation Rate) 12M(100%)->12M(100%)
[63.548s][info][gc] GC(677) Garbage Collection (Allocation Rate) 12M(100%)->12M(100%)
[63.650s][info][gc] GC(678) Garbage Collection (Allocation Rate) 12M(100%)->12M(100%)
[63.748s][info][gc] GC(679) Garbage Collection (Allocation Rate) 12M(100%)->12M(100%)
[63.850s][info][gc] GC(680) Garbage Collection (Allocation Rate) 12M(100%)->12M(100%)
[63.948s][info][gc] GC(681) Garbage Collection (Allocation Rate) 12M(100%)->12M(100%)
[64.048s][info][gc] GC(682) Garbage Collection (Allocation Rate) 12M(100%)->12M(100%)
[64.150s][info][gc] GC(683) Garbage Collection (Allocation Rate) 12M(100%)->12M(100%)
[64.248s][info][gc] GC(684) Garbage Collection (Allocation Rate) 12M(100%)->12M(100%)
[64.348s][info][gc] GC(685) Garbage Collection (Allocation Rate) 12M(100%)->12M(100%)
[64.447s][info][gc] GC(686) Garbage Collection (Allocation Rate) 12M(100%)->12M(100%)
[64.547s][info][gc] GC(687) Garbage Collection (Allocation Rate) 12M(100%)->12M(100%)
[64.649s][info][gc] GC(688) Garbage Collection (Allocation Rate) 12M(100%)->12M(100%)
[64.747s][info][gc] GC(689) Garbage Collection (Allocation Rate) 12M(100%)->12M(100%)
[64.758s][info][gc] GC(690) Garbage Collection (Allocation Stall) 12M(100%)->12M(100%)
[64.758s][info][gc] Allocation Stall (RMI TCP Accept-0) 19.680ms
[64.769s][info][gc] GC(691) Garbage Collection (Allocation Stall) 12M(100%)->12M(100%)
[64.769s][info][gc] Allocation Stall (RMI TCP Accept-0) 10.816ms
[64.769s][info][gc] Out Of Memory (RMI TCP Accept-0)
[64.779s][info][gc] GC(692) Garbage Collection (Allocation Stall) 12M(100%)->12M(100%)
[64.779s][info][gc] Allocation Stall (RMI TCP Accept-0) 10.433ms
[64.790s][info][gc] GC(693) Garbage Collection (Allocation Stall) 12M(100%)->12M(100%)
[64.790s][info][gc] Allocation Stall (RMI TCP Accept-0) 10.501ms
[64.790s][info][gc] Out Of Memory (RMI TCP Accept-0)
[64.801s][info][gc] GC(694) Garbage Collection (Allocation Stall) 12M(100%)->12M(100%)
[64.801s][info][gc] Allocation Stall (RMI TCP Accept-0) 11.048ms
[64.812s][info][gc] GC(695) Garbage Collection (Allocation Stall) 12M(100%)->12M(100%)
[64.812s][info][gc] Allocation Stall (RMI TCP Accept-0) 10.665ms
[64.812s][info][gc] Out Of Memory (RMI TCP Accept-0)
[64.822s][info][gc] GC(696) Garbage Collection (Allocation Stall) 12M(100%)->12M(100%)
[64.823s][info][gc] Allocation Stall (RMI TCP Accept-0) 10.637ms
[64.833s][info][gc] GC(697) Garbage Collection (Allocation Stall) 12M(100%)->12M(100%)
[64.833s][info][gc] Allocation Stall (RMI TCP Accept-0) 10.709ms
[64.833s][info][gc] Out Of Memory (RMI TCP Accept-0)
[64.844s][info][gc] GC(698) Garbage Collection (Allocation Stall) 12M(100%)->12M(100%)
[64.844s][info][gc] Allocation Stall (RMI TCP Accept-0) 10.455ms
[64.855s][info][gc] GC(699) Garbage Collection (Allocation Stall) 12M(100%)->12M(100%)
[64.855s][info][gc] Allocation Stall (RMI TCP Accept-0) 10.920ms
[64.855s][info][gc] Out Of Memory (RMI TCP Accept-0)
[64.866s][info][gc] GC(700) Garbage Collection (Allocation Stall) 12M(100%)->12M(100%)
[64.866s][info][gc] Allocation Stall (RMI TCP Accept-0) 10.779ms
[64.876s][info][gc] GC(701) Garbage Collection (Allocation Stall) 12M(100%)->12M(100%)
[64.877s][info][gc] Allocation Stall (RMI TCP Accept-0) 10.844ms
[64.877s][info][gc] Out Of Memory (RMI TCP Accept-0)
[64.887s][info][gc] GC(702) Garbage Collection (Allocation Stall) 12M(100%)->12M(100%)
[64.887s][info][gc] Allocation Stall (RMI TCP Accept-0) 10.583ms
[64.898s][info][gc] GC(703) Garbage Collection (Allocation Stall) 12M(100%)->12M(100%)
[64.898s][info][gc] Allocation Stall (RMI TCP Accept-0) 10.477ms
[64.898s][info][gc] Out Of Memory (RMI TCP Accept-0)
[64.908s][info][gc] GC(704) Garbage Collection (Allocation Stall) 12M(100%)->12M(100%)
[64.908s][info][gc] Allocation Stall (RMI TCP Accept-0) 10.552ms
[64.919s][info][gc] GC(705) Garbage Collection (Allocation Stall) 12M(100%)->12M(100%)
[64.919s][info][gc] Allocation Stall (RMI TCP Accept-0) 10.816ms
[64.919s][info][gc] Out Of Memory (RMI TCP Accept-0)
[64.930s][info][gc] GC(706) Garbage Collection (Allocation Stall) 12M(100%)->12M(100%)
[64.930s][info][gc] Allocation Stall (RMI TCP Accept-0) 10.717ms
[64.940s][info][gc] GC(707) Garbage Collection (Allocation Stall) 12M(100%)->12M(100%)
[64.941s][info][gc] Allocation Stall (RMI TCP Accept-0) 10.492ms
[64.941s][info][gc] Out Of Memory (RMI TCP Accept-0)
[64.951s][info][gc] GC(708) Garbage Collection (Allocation Stall) 12M(100%)->12M(100%)
[64.951s][info][gc] Allocation Stall (RMI TCP Accept-0) 10.497ms
[64.962s][info][gc] GC(709) Garbage Collection (Allocation Stall) 12M(100%)->12M(100%)
[64.962s][info][gc] Allocation Stall (RMI TCP Accept-0) 10.487ms
[64.962s][info][gc] Out Of Memory (RMI TCP Accept-0)
[64.972s][info][gc] GC(710) Garbage Collection (Allocation Stall) 12M(100%)->12M(100%)
[64.972s][info][gc] Allocation Stall (RMI TCP Accept-0) 10.346ms
[64.983s][info][gc] GC(711) Garbage Collection (Allocation Stall) 12M(100%)->12M(100%)
[64.983s][info][gc] Allocation Stall (RMI TCP Accept-0) 10.453ms
[64.983s][info][gc] Out Of Memory (RMI TCP Accept-0)
[64.993s][info][gc] GC(712) Garbage Collection (Allocation Stall) 12M(100%)->12M(100%)
[64.993s][info][gc] Allocation Stall (RMI TCP Accept-0) 10.577ms
[65.004s][info][gc] GC(713) Garbage Collection (Allocation Stall) 12M(100%)->12M(100%)
[65.004s][info][gc] Allocation Stall (RMI TCP Accept-0) 10.352ms
[65.004s][info][gc] Out Of Memory (RMI TCP Accept-0)
[65.015s][info][gc] GC(714) Garbage Collection (Allocation Stall) 12M(100%)->12M(100%)
[65.015s][info][gc] Allocation Stall (RMI TCP Accept-0) 10.873ms
[65.025s][info][gc] GC(715) Garbage Collection (Allocation Stall) 12M(100%)->12M(100%)
[65.025s][info][gc] Allocation Stall (RMI TCP Accept-0) 10.651ms
[65.025s][info][gc] Out Of Memory (RMI TCP Accept-0)
[65.036s][info][gc] GC(716) Garbage Collection (Allocation Stall) 12M(100%)->12M(100%)
[65.036s][info][gc] Allocation Stall (RMI TCP Accept-0) 10.537ms
[65.047s][info][gc] GC(717) Garbage Collection (Allocation Stall) 12M(100%)->12M(100%)
[65.047s][info][gc] Allocation Stall (RMI TCP Accept-0) 10.893ms
[65.047s][info][gc] Out Of Memory (RMI TCP Accept-0)
[65.058s][info][gc] GC(718) Garbage Collection (Allocation Stall) 12M(100%)->12M(100%)
[65.058s][info][gc] Allocation Stall (RMI TCP Accept-0) 10.965ms
[65.068s][info][gc] GC(719) Garbage Collection (Allocation Stall) 12M(100%)->12M(100%)
[65.068s][info][gc] Allocation Stall (RMI TCP Accept-0) 10.388ms
[65.068s][info][gc] Out Of Memory (RMI TCP Accept-0)
[65.079s][info][gc] GC(720) Garbage Collection (Allocation Stall) 12M(100%)->12M(100%)
[65.079s][info][gc] Allocation Stall (RMI TCP Accept-0) 10.345ms
[65.090s][info][gc] GC(721) Garbage Collection (Allocation Stall) 12M(100%)->12M(100%)
[65.090s][info][gc] Allocation Stall (RMI TCP Accept-0) 10.749ms
[65.090s][info][gc] Out Of Memory (RMI TCP Accept-0)
[65.101s][info][gc] GC(722) Garbage Collection (Allocation Stall) 12M(100%)->12M(100%)
[65.101s][info][gc] Allocation Stall (RMI TCP Accept-0) 10.944ms
[65.111s][info][gc] GC(723) Garbage Collection (Allocation Stall) 12M(100%)->12M(100%)
[65.112s][info][gc] Allocation Stall (RMI TCP Accept-0) 10.794ms
[65.112s][info][gc] Out Of Memory (RMI TCP Accept-0)
[65.122s][info][gc] GC(724) Garbage Collection (Allocation Stall) 12M(100%)->12M(100%)
[65.123s][info][gc] Allocation Stall (RMI TCP Accept-0) 10.876ms
[65.133s][info][gc] GC(725) Garbage Collection (Allocation Stall) 12M(100%)->12M(100%)
[65.133s][info][gc] Allocation Stall (RMI TCP Accept-0) 10.584ms
[65.133s][info][gc] Out Of Memory (RMI TCP Accept-0)
[65.144s][info][gc] GC(726) Garbage Collection (Allocation Stall) 12M(100%)->12M(100%)
[65.144s][info][gc] Allocation Stall (RMI TCP Accept-0) 10.696ms
[65.155s][info][gc] GC(727) Garbage Collection (Allocation Stall) 12M(100%)->12M(100%)
[65.155s][info][gc] Allocation Stall (RMI TCP Accept-0) 10.864ms
[65.155s][info][gc] Out Of Memory (RMI TCP Accept-0)
[65.165s][info][gc] GC(728) Garbage Collection (Allocation Stall) 12M(100%)->12M(100%)
[65.166s][info][gc] Allocation Stall (RMI TCP Accept-0) 10.618ms
[65.177s][info][gc] GC(729) Garbage Collection (Allocation Stall) 12M(100%)->12M(100%)
[65.177s][info][gc] Allocation Stall (RMI TCP Accept-0) 11.023ms
[65.177s][info][gc] Out Of Memory (RMI TCP Accept-0)
[65.188s][info][gc] GC(730) Garbage Collection (Allocation Stall) 12M(100%)->12M(100%)
[65.188s][info][gc] Allocation Stall (RMI TCP Accept-0) 10.983ms
[65.198s][info][gc] GC(731) Garbage Collection (Allocation Stall) 12M(100%)->12M(100%)
[65.198s][info][gc] Allocation Stall (RMI TCP Accept-0) 10.689ms
[65.198s][info][gc] Out Of Memory (RMI TCP Accept-0)
[65.209s][info][gc] GC(732) Garbage Collection (Allocation Stall) 12M(100%)->12M(100%)
[65.209s][info][gc] Allocation Stall (RMI TCP Accept-0) 10.590ms
[65.220s][info][gc] GC(733) Garbage Collection (Allocation Stall) 12M(100%)->12M(100%)
[65.220s][info][gc] Allocation Stall (RMI TCP Accept-0) 11.213ms
[65.220s][info][gc] Out Of Memory (RMI TCP Accept-0)
[65.231s][info][gc] GC(734) Garbage Collection (Allocation Stall) 12M(100%)->12M(100%)
[65.231s][info][gc] Allocation Stall (RMI TCP Accept-0) 11.040ms
[65.242s][info][gc] GC(735) Garbage Collection (Allocation Stall) 12M(100%)->12M(100%)
[65.242s][info][gc] Allocation Stall (RMI TCP Accept-0) 10.946ms
[65.243s][info][gc] Out Of Memory (RMI TCP Accept-0)
[65.254s][info][gc] GC(736) Garbage Collection (Allocation Stall) 12M(100%)->12M(100%)
[65.254s][info][gc] Allocation Stall (RMI TCP Accept-0) 11.508ms
[65.265s][info][gc] GC(737) Garbage Collection (Allocation Stall) 12M(100%)->12M(100%)
[65.265s][info][gc] Allocation Stall (RMI TCP Accept-0) 11.015ms
[65.265s][info][gc] Out Of Memory (RMI TCP Accept-0)
[65.276s][info][gc] GC(738) Garbage Collection (Allocation Stall) 12M(100%)->12M(100%)
[65.276s][info][gc] Allocation Stall (RMI TCP Accept-0) 10.526ms
[65.286s][info][gc] GC(739) Garbage Collection (Allocation Stall) 12M(100%)->12M(100%)
[65.286s][info][gc] Allocation Stall (RMI TCP Accept-0) 10.569ms
[65.286s][info][gc] Out Of Memory (RMI TCP Accept-0)
[65.297s][info][gc] GC(740) Garbage Collection (Allocation Stall) 12M(100%)->12M(100%)
[65.297s][info][gc] Allocation Stall (RMI TCP Accept-0) 10.988ms
[65.308s][info][gc] GC(741) Garbage Collection (Allocation Stall) 12M(100%)->12M(100%)
[65.308s][info][gc] Allocation Stall (RMI TCP Accept-0) 10.760ms
[65.308s][info][gc] Out Of Memory (RMI TCP Accept-0)
[65.319s][info][gc] GC(742) Garbage Collection (Allocation Stall) 12M(100%)->12M(100%)
[65.319s][info][gc] Allocation Stall (RMI TCP Accept-0) 10.777ms
[65.330s][info][gc] GC(743) Garbage Collection (Allocation Stall) 12M(100%)->12M(100%)
[65.330s][info][gc] Allocation Stall (RMI TCP Accept-0) 10.603ms
[65.330s][info][gc] Out Of Memory (RMI TCP Accept-0)
[65.340s][info][gc] GC(744) Garbage Collection (Allocation Stall) 12M(100%)->12M(100%)
[65.340s][info][gc] Allocation Stall (RMI TCP Accept-0) 10.592ms
[65.351s][info][gc] GC(745) Garbage Collection (Allocation Stall) 12M(100%)->12M(100%)
[65.351s][info][gc] Allocation Stall (RMI TCP Accept-0) 11.028ms
[65.352s][info][gc] Out Of Memory (RMI TCP Accept-0)
[65.362s][info][gc] GC(746) Garbage Collection (Allocation Stall) 12M(100%)->12M(100%)
[65.362s][info][gc] Allocation Stall (RMI TCP Accept-0) 10.712ms
[65.373s][info][gc] GC(747) Garbage Collection (Allocation Stall) 12M(100%)->12M(100%)
[65.373s][info][gc] Allocation Stall (RMI TCP Accept-0) 10.592ms
[65.373s][info][gc] Out Of Memory (RMI TCP Accept-0)
[65.384s][info][gc] GC(748) Garbage Collection (Allocation Stall) 12M(100%)->12M(100%)
[65.384s][info][gc] Allocation Stall (RMI TCP Accept-0) 10.806ms
[65.395s][info][gc] GC(749) Garbage Collection (Allocation Stall) 12M(100%)->12M(100%)
[65.395s][info][gc] Allocation Stall (RMI TCP Accept-0) 11.101ms
[65.395s][info][gc] Out Of Memory (RMI TCP Accept-0)
[65.406s][info][gc] GC(750) Garbage Collection (Allocation Stall) 12M(100%)->12M(100%)
[65.406s][info][gc] Allocation Stall (RMI TCP Accept-0) 10.636ms
[65.417s][info][gc] GC(751) Garbage Collection (Allocation Stall) 12M(100%)->12M(100%)
[65.417s][info][gc] Allocation Stall (RMI TCP Accept-0) 11.336ms
[65.417s][info][gc] Out Of Memory (RMI TCP Accept-0)
[65.428s][info][gc] GC(752) Garbage Collection (Allocation Stall) 12M(100%)->12M(100%)
[65.428s][info][gc] Allocation Stall (RMI TCP Accept-0) 10.903ms
[65.439s][info][gc] GC(753) Garbage Collection (Allocation Stall) 12M(100%)->12M(100%)
[65.439s][info][gc] Allocation Stall (RMI TCP Accept-0) 11.107ms
[65.439s][info][gc] Out Of Memory (RMI TCP Accept-0)
[65.450s][info][gc] GC(754) Garbage Collection (Allocation Stall) 12M(100%)->12M(100%)
[65.450s][info][gc] Allocation Stall (RMI TCP Accept-0) 11.066ms
[65.461s][info][gc] GC(755) Garbage Collection (Allocation Stall) 12M(100%)->12M(100%)
[65.461s][info][gc] Allocation Stall (RMI TCP Accept-0) 10.800ms
[65.461s][info][gc] Out Of Memory (RMI TCP Accept-0)
[65.547s][info][gc] GC(756) Garbage Collection (Allocation Rate) 12M(100%)->12M(100%)
[65.647s][info][gc] GC(757) Garbage Collection (Allocation Rate) 12M(100%)->12M(100%)
[65.718s][info][gc] GC(758) Garbage Collection (Allocation Stall) 12M(100%)->12M(100%)
[65.718s][info][gc] Allocation Stall (Signal Dispatcher) 12.948ms
[65.729s][info][gc] GC(759) Garbage Collection (Allocation Stall) 12M(100%)->12M(100%)
[65.730s][info][gc] Allocation Stall (Signal Dispatcher) 11.480ms
[65.730s][info][gc] Out Of Memory (Signal Dispatcher)
[65.749s][info][gc] GC(760) Garbage Collection (Allocation Rate) 12M(100%)->12M(100%)
[65.848s][info][gc] GC(761) Garbage Collection (Allocation Rate) 12M(100%)->12M(100%)
[65.948s][info][gc] GC(762) Garbage Collection (Allocation Rate) 12M(100%)->12M(100%)
[66.048s][info][gc] GC(763) Garbage Collection (Allocation Rate) 12M(100%)->12M(100%)
[66.147s][info][gc] GC(764) Garbage Collection (Allocation Rate) 12M(100%)->12M(100%)
[66.247s][info][gc] GC(765) Garbage Collection (Allocation Rate) 12M(100%)->12M(100%)
[66.347s][info][gc] GC(766) Garbage Collection (Allocation Rate) 12M(100%)->12M(100%)
[66.447s][info][gc] GC(767) Garbage Collection (Allocation Rate) 12M(100%)->12M(100%)
[66.547s][info][gc] GC(768) Garbage Collection (Allocation Rate) 12M(100%)->12M(100%)
[66.647s][info][gc] GC(769) Garbage Collection (Allocation Rate) 12M(100%)->12M(100%)
[66.747s][info][gc] GC(770) Garbage Collection (Allocation Rate) 12M(100%)->12M(100%)
[66.847s][info][gc] GC(771) Garbage Collection (Allocation Rate) 12M(100%)->12M(100%)
[66.949s][info][gc] GC(772) Garbage Collection (Allocation Rate) 12M(100%)->12M(100%)
[67.048s][info][gc] GC(773) Garbage Collection (Allocation Rate) 12M(100%)->12M(100%)
[67.148s][info][gc] GC(774) Garbage Collection (Allocation Rate) 12M(100%)->12M(100%)
[67.248s][info][gc] GC(775) Garbage Collection (Allocation Rate) 12M(100%)->12M(100%)
[67.347s][info][gc] GC(776) Garbage Collection (Allocation Rate) 12M(100%)->12M(100%)
[67.447s][info][gc] GC(777) Garbage Collection (Allocation Rate) 12M(100%)->12M(100%)
[67.548s][info][gc] GC(778) Garbage Collection (Allocation Rate) 12M(100%)->12M(100%)
[67.647s][info][gc] GC(779) Garbage Collection (Allocation Rate) 12M(100%)->12M(100%)
[67.747s][info][gc] GC(780) Garbage Collection (Allocation Rate) 12M(100%)->12M(100%)
[67.848s][info][gc] GC(781) Garbage Collection (Allocation Rate) 12M(100%)->12M(100%)
[67.948s][info][gc] GC(782) Garbage Collection (Allocation Rate) 12M(100%)->12M(100%)
[68.048s][info][gc] GC(783) Garbage Collection (Allocation Rate) 12M(100%)->12M(100%)
[68.147s][info][gc] GC(784) Garbage Collection (Allocation Rate) 12M(100%)->12M(100%)
[68.247s][info][gc] GC(785) Garbage Collection (Allocation Rate) 12M(100%)->12M(100%)
[68.348s][info][gc] GC(786) Garbage Collection (Allocation Rate) 12M(100%)->12M(100%)
[68.447s][info][gc] GC(787) Garbage Collection (Allocation Rate) 12M(100%)->12M(100%)
[68.547s][info][gc] GC(788) Garbage Collection (Allocation Rate) 12M(100%)->12M(100%)
[68.648s][info][gc] GC(789) Garbage Collection (Allocation Rate) 12M(100%)->12M(100%)
[68.748s][info][gc] GC(790) Garbage Collection (Allocation Rate) 12M(100%)->12M(100%)
[68.847s][info][gc] GC(791) Garbage Collection (Allocation Rate) 12M(100%)->12M(100%)
[68.948s][info][gc] GC(792) Garbage Collection (Allocation Rate) 12M(100%)->12M(100%)
[69.048s][info][gc] GC(793) Garbage Collection (Allocation Rate) 12M(100%)->12M(100%)
[69.148s][info][gc] GC(794) Garbage Collection (Allocation Rate) 12M(100%)->12M(100%)
[69.247s][info][gc] GC(795) Garbage Collection (Allocation Rate) 12M(100%)->12M(100%)
[69.347s][info][gc] GC(796) Garbage Collection (Allocation Rate) 12M(100%)->12M(100%)
[69.447s][info][gc] GC(797) Garbage Collection (Allocation Rate) 12M(100%)->12M(100%)
[69.547s][info][gc] GC(798) Garbage Collection (Allocation Rate) 12M(100%)->12M(100%)
[69.647s][info][gc] GC(799) Garbage Collection (Allocation Rate) 12M(100%)->12M(100%)
[69.747s][info][gc] GC(800) Garbage Collection (Allocation Rate) 12M(100%)->12M(100%)
[69.848s][info][gc] GC(801) Garbage Collection (Allocation Rate) 12M(100%)->12M(100%)
[69.947s][info][gc] GC(802) Garbage Collection (Allocation Rate) 12M(100%)->12M(100%)
[70.048s][info][gc] GC(803) Garbage Collection (Allocation Rate) 12M(100%)->12M(100%)
[70.148s][info][gc] GC(804) Garbage Collection (Allocation Rate) 12M(100%)->12M(100%)
[70.248s][info][gc] GC(805) Garbage Collection (Allocation Rate) 12M(100%)->12M(100%)
[70.347s][info][gc] GC(806) Garbage Collection (Allocation Rate) 12M(100%)->12M(100%)
[70.447s][info][gc] GC(807) Garbage Collection (Allocation Rate) 12M(100%)->12M(100%)
[70.548s][info][gc] GC(808) Garbage Collection (Allocation Rate) 12M(100%)->12M(100%)
[70.648s][info][gc] GC(809) Garbage Collection (Allocation Rate) 12M(100%)->12M(100%)
[70.747s][info][gc] GC(810) Garbage Collection (Allocation Rate) 12M(100%)->12M(100%)
[70.848s][info][gc] GC(811) Garbage Collection (Allocation Rate) 12M(100%)->12M(100%)
[70.947s][info][gc] GC(812) Garbage Collection (Allocation Rate) 12M(100%)->12M(100%)
[71.047s][info][gc] GC(813) Garbage Collection (Allocation Rate) 12M(100%)->12M(100%)
[71.147s][info][gc] GC(814) Garbage Collection (Allocation Rate) 12M(100%)->12M(100%)
[71.247s][info][gc] GC(815) Garbage Collection (Allocation Rate) 12M(100%)->12M(100%)
[71.347s][info][gc] GC(816) Garbage Collection (Allocation Rate) 12M(100%)->12M(100%)
[71.447s][info][gc] GC(817) Garbage Collection (Allocation Rate) 12M(100%)->12M(100%)
[71.547s][info][gc] GC(818) Garbage Collection (Allocation Rate) 12M(100%)->12M(100%)
[71.648s][info][gc] GC(819) Garbage Collection (Allocation Rate) 12M(100%)->12M(100%)
[71.748s][info][gc] GC(820) Garbage Collection (Allocation Rate) 12M(100%)->12M(100%)
[71.848s][info][gc] GC(821) Garbage Collection (Allocation Rate) 12M(100%)->12M(100%)
[71.948s][info][gc] GC(822) Garbage Collection (Allocation Rate) 12M(100%)->12M(100%)
[72.048s][info][gc] GC(823) Garbage Collection (Allocation Rate) 12M(100%)->12M(100%)
[72.147s][info][gc] GC(824) Garbage Collection (Allocation Rate) 12M(100%)->12M(100%)
[72.247s][info][gc] GC(825) Garbage Collection (Allocation Rate) 12M(100%)->12M(100%)
[72.347s][info][gc] GC(826) Garbage Collection (Allocation Rate) 12M(100%)->12M(100%)
[72.447s][info][gc] GC(827) Garbage Collection (Allocation Rate) 12M(100%)->12M(100%)
[72.548s][info][gc] GC(828) Garbage Collection (Allocation Rate) 12M(100%)->12M(100%)
[72.647s][info][gc] GC(829) Garbage Collection (Allocation Rate) 12M(100%)->12M(100%)
[72.748s][info][gc] GC(830) Garbage Collection (Allocation Rate) 12M(100%)->12M(100%)
[72.848s][info][gc] GC(831) Garbage Collection (Allocation Rate) 12M(100%)->12M(100%)
[72.948s][info][gc] GC(832) Garbage Collection (Allocation Rate) 12M(100%)->12M(100%)
[73.048s][info][gc] GC(833) Garbage Collection (Allocation Rate) 12M(100%)->12M(100%)
[73.147s][info][gc] GC(834) Garbage Collection (Allocation Rate) 12M(100%)->12M(100%)
[73.247s][info][gc] GC(835) Garbage Collection (Allocation Rate) 12M(100%)->12M(100%)
[73.347s][info][gc] GC(836) Garbage Collection (Allocation Rate) 12M(100%)->12M(100%)
[73.448s][info][gc] GC(837) Garbage Collection (Allocation Rate) 12M(100%)->12M(100%)
[73.549s][info][gc] GC(838) Garbage Collection (Allocation Rate) 12M(100%)->12M(100%)
[73.647s][info][gc] GC(839) Garbage Collection (Allocation Rate) 12M(100%)->12M(100%)
[73.748s][info][gc] GC(840) Garbage Collection (Allocation Rate) 12M(100%)->12M(100%)
[73.847s][info][gc] GC(841) Garbage Collection (Allocation Rate) 12M(100%)->12M(100%)
[73.947s][info][gc] GC(842) Garbage Collection (Allocation Rate) 12M(100%)->12M(100%)
[74.047s][info][gc] GC(843) Garbage Collection (Allocation Rate) 12M(100%)->12M(100%)
[74.147s][info][gc] GC(844) Garbage Collection (Allocation Rate) 12M(100%)->12M(100%)
[74.248s][info][gc] GC(845) Garbage Collection (Allocation Rate) 12M(100%)->12M(100%)
[74.348s][info][gc] GC(846) Garbage Collection (Allocation Rate) 12M(100%)->12M(100%)
[74.447s][info][gc] GC(847) Garbage Collection (Allocation Rate) 12M(100%)->12M(100%)
[74.547s][info][gc] GC(848) Garbage Collection (Allocation Rate) 12M(100%)->12M(100%)
[74.648s][info][gc] GC(849) Garbage Collection (Allocation Rate) 12M(100%)->12M(100%)
[74.748s][info][gc] GC(850) Garbage Collection (Allocation Rate) 12M(100%)->12M(100%)
[74.848s][info][gc] GC(851) Garbage Collection (Allocation Rate) 12M(100%)->12M(100%)
[74.947s][info][gc] GC(852) Garbage Collection (Allocation Rate) 12M(100%)->12M(100%)
[75.047s][info][gc] GC(853) Garbage Collection (Allocation Rate) 12M(100%)->12M(100%)
[75.147s][info][gc] GC(854) Garbage Collection (Allocation Rate) 12M(100%)->12M(100%)
[75.247s][info][gc] GC(855) Garbage Collection (Allocation Rate) 12M(100%)->12M(100%)
[75.347s][info][gc] GC(856) Garbage Collection (Allocation Rate) 12M(100%)->12M(100%)
[75.448s][info][gc] GC(857) Garbage Collection (Allocation Rate) 12M(100%)->12M(100%)
[75.472s][info][gc] GC(858) Garbage Collection (Allocation Stall) 12M(100%)->12M(100%)
[75.473s][info][gc] Allocation Stall (RMI TCP Accept-0) 10.940ms
[75.483s][info][gc] GC(859) Garbage Collection (Allocation Stall) 12M(100%)->12M(100%)
[75.483s][info][gc] Allocation Stall (RMI TCP Accept-0) 10.483ms
[75.483s][info][gc] Out Of Memory (RMI TCP Accept-0)
[75.493s][info][gc] GC(860) Garbage Collection (Allocation Stall) 12M(100%)->12M(100%)
[75.494s][info][gc] Allocation Stall (RMI TCP Accept-0) 10.400ms
[75.504s][info][gc] GC(861) Garbage Collection (Allocation Stall) 12M(100%)->12M(100%)
[75.504s][info][gc] Allocation Stall (RMI TCP Accept-0) 10.304ms
[75.504s][info][gc] Out Of Memory (RMI TCP Accept-0)
[75.514s][info][gc] GC(862) Garbage Collection (Allocation Stall) 12M(100%)->12M(100%)
[75.514s][info][gc] Allocation Stall (RMI TCP Accept-0) 10.486ms
[75.525s][info][gc] GC(863) Garbage Collection (Allocation Stall) 12M(100%)->12M(100%)
[75.525s][info][gc] Allocation Stall (RMI TCP Accept-0) 10.493ms
[75.525s][info][gc] Out Of Memory (RMI TCP Accept-0)
[75.535s][info][gc] GC(864) Garbage Collection (Allocation Stall) 12M(100%)->12M(100%)
[75.535s][info][gc] Allocation Stall (RMI TCP Accept-0) 10.350ms
[75.546s][info][gc] GC(865) Garbage Collection (Allocation Stall) 12M(100%)->12M(100%)
[75.546s][info][gc] Allocation Stall (RMI TCP Accept-0) 10.429ms
[75.546s][info][gc] Out Of Memory (RMI TCP Accept-0)
[75.556s][info][gc] GC(866) Garbage Collection (Allocation Stall) 12M(100%)->12M(100%)
[75.557s][info][gc] Allocation Stall (RMI TCP Accept-0) 10.509ms
[75.567s][info][gc] GC(867) Garbage Collection (Allocation Stall) 12M(100%)->12M(100%)
[75.567s][info][gc] Allocation Stall (RMI TCP Accept-0) 10.483ms
[75.567s][info][gc] Out Of Memory (RMI TCP Accept-0)
[75.578s][info][gc] GC(868) Garbage Collection (Allocation Stall) 12M(100%)->12M(100%)
[75.578s][info][gc] Allocation Stall (RMI TCP Accept-0) 10.525ms
[75.588s][info][gc] GC(869) Garbage Collection (Allocation Stall) 12M(100%)->12M(100%)
[75.588s][info][gc] Allocation Stall (RMI TCP Accept-0) 10.461ms
[75.588s][info][gc] Out Of Memory (RMI TCP Accept-0)
[75.599s][info][gc] GC(870) Garbage Collection (Allocation Stall) 12M(100%)->12M(100%)
[75.599s][info][gc] Allocation Stall (RMI TCP Accept-0) 10.419ms
[75.609s][info][gc] GC(871) Garbage Collection (Allocation Stall) 12M(100%)->12M(100%)
[75.609s][info][gc] Allocation Stall (RMI TCP Accept-0) 10.475ms
[75.609s][info][gc] Out Of Memory (RMI TCP Accept-0)
[75.620s][info][gc] GC(872) Garbage Collection (Allocation Stall) 12M(100%)->12M(100%)
[75.620s][info][gc] Allocation Stall (RMI TCP Accept-0) 10.784ms
[75.631s][info][gc] GC(873) Garbage Collection (Allocation Stall) 12M(100%)->12M(100%)
[75.631s][info][gc] Allocation Stall (RMI TCP Accept-0) 10.562ms
[75.631s][info][gc] Out Of Memory (RMI TCP Accept-0)
[75.641s][info][gc] GC(874) Garbage Collection (Allocation Stall) 12M(100%)->12M(100%)
[75.641s][info][gc] Allocation Stall (RMI TCP Accept-0) 10.599ms
[75.652s][info][gc] GC(875) Garbage Collection (Allocation Stall) 12M(100%)->12M(100%)
[75.652s][info][gc] Allocation Stall (RMI TCP Accept-0) 10.481ms
[75.652s][info][gc] Out Of Memory (RMI TCP Accept-0)
[75.662s][info][gc] GC(876) Garbage Collection (Allocation Stall) 12M(100%)->12M(100%)
[75.662s][info][gc] Allocation Stall (RMI TCP Accept-0) 10.377ms
[75.673s][info][gc] GC(877) Garbage Collection (Allocation Stall) 12M(100%)->12M(100%)
[75.673s][info][gc] Allocation Stall (RMI TCP Accept-0) 10.588ms
[75.673s][info][gc] Out Of Memory (RMI TCP Accept-0)
[75.683s][info][gc] GC(878) Garbage Collection (Allocation Stall) 12M(100%)->12M(100%)
[75.684s][info][gc] Allocation Stall (RMI TCP Accept-0) 10.538ms
[75.694s][info][gc] GC(879) Garbage Collection (Allocation Stall) 12M(100%)->12M(100%)
[75.694s][info][gc] Allocation Stall (RMI TCP Accept-0) 10.356ms
[75.694s][info][gc] Out Of Memory (RMI TCP Accept-0)
[75.704s][info][gc] GC(880) Garbage Collection (Allocation Stall) 12M(100%)->12M(100%)
[75.705s][info][gc] Allocation Stall (RMI TCP Accept-0) 10.604ms
[75.715s][info][gc] GC(881) Garbage Collection (Allocation Stall) 12M(100%)->12M(100%)
[75.715s][info][gc] Allocation Stall (RMI TCP Accept-0) 10.517ms
[75.715s][info][gc] Out Of Memory (RMI TCP Accept-0)
[75.726s][info][gc] GC(882) Garbage Collection (Allocation Stall) 12M(100%)->12M(100%)
[75.726s][info][gc] Allocation Stall (RMI TCP Accept-0) 10.502ms
[75.736s][info][gc] GC(883) Garbage Collection (Allocation Stall) 12M(100%)->12M(100%)
[75.736s][info][gc] Allocation Stall (RMI TCP Accept-0) 10.698ms
[75.736s][info][gc] Out Of Memory (RMI TCP Accept-0)
[75.747s][info][gc] GC(884) Garbage Collection (Allocation Stall) 12M(100%)->12M(100%)
[75.748s][info][gc] Allocation Stall (RMI TCP Accept-0) 11.154ms
[75.758s][info][gc] GC(885) Garbage Collection (Allocation Stall) 12M(100%)->12M(100%)
[75.758s][info][gc] Allocation Stall (RMI TCP Accept-0) 10.478ms
[75.758s][info][gc] Out Of Memory (RMI TCP Accept-0)
[75.769s][info][gc] GC(886) Garbage Collection (Allocation Stall) 12M(100%)->12M(100%)
[75.769s][info][gc] Allocation Stall (RMI TCP Accept-0) 10.704ms
[75.779s][info][gc] GC(887) Garbage Collection (Allocation Stall) 12M(100%)->12M(100%)
[75.779s][info][gc] Allocation Stall (RMI TCP Accept-0) 10.408ms
[75.779s][info][gc] Out Of Memory (RMI TCP Accept-0)
[75.790s][info][gc] GC(888) Garbage Collection (Allocation Stall) 12M(100%)->12M(100%)
[75.790s][info][gc] Allocation Stall (RMI TCP Accept-0) 10.427ms
[75.800s][info][gc] GC(889) Garbage Collection (Allocation Stall) 12M(100%)->12M(100%)
[75.800s][info][gc] Allocation Stall (RMI TCP Accept-0) 10.470ms
[75.800s][info][gc] Out Of Memory (RMI TCP Accept-0)
[75.811s][info][gc] GC(890) Garbage Collection (Allocation Stall) 12M(100%)->12M(100%)
[75.811s][info][gc] Allocation Stall (RMI TCP Accept-0) 10.470ms
[75.821s][info][gc] GC(891) Garbage Collection (Allocation Stall) 12M(100%)->12M(100%)
[75.821s][info][gc] Allocation Stall (RMI TCP Accept-0) 10.376ms
[75.821s][info][gc] Out Of Memory (RMI TCP Accept-0)
[75.832s][info][gc] GC(892) Garbage Collection (Allocation Stall) 12M(100%)->12M(100%)
[75.832s][info][gc] Allocation Stall (RMI TCP Accept-0) 10.587ms
[75.843s][info][gc] GC(893) Garbage Collection (Allocation Stall) 12M(100%)->12M(100%)
[75.843s][info][gc] Allocation Stall (RMI TCP Accept-0) 10.616ms
[75.843s][info][gc] Out Of Memory (RMI TCP Accept-0)
[75.853s][info][gc] GC(894) Garbage Collection (Allocation Stall) 12M(100%)->12M(100%)
[75.853s][info][gc] Allocation Stall (RMI TCP Accept-0) 10.487ms
[75.864s][info][gc] GC(895) Garbage Collection (Allocation Stall) 12M(100%)->12M(100%)
[75.864s][info][gc] Allocation Stall (RMI TCP Accept-0) 10.611ms
[75.864s][info][gc] Out Of Memory (RMI TCP Accept-0)
[75.874s][info][gc] GC(896) Garbage Collection (Allocation Stall) 12M(100%)->12M(100%)
[75.875s][info][gc] Allocation Stall (RMI TCP Accept-0) 10.548ms
[75.885s][info][gc] GC(897) Garbage Collection (Allocation Stall) 12M(100%)->12M(100%)
[75.885s][info][gc] Allocation Stall (RMI TCP Accept-0) 10.374ms
[75.885s][info][gc] Out Of Memory (RMI TCP Accept-0)
[75.895s][info][gc] GC(898) Garbage Collection (Allocation Stall) 12M(100%)->12M(100%)
[75.896s][info][gc] Allocation Stall (RMI TCP Accept-0) 10.514ms
[75.906s][info][gc] GC(899) Garbage Collection (Allocation Stall) 12M(100%)->12M(100%)
[75.906s][info][gc] Allocation Stall (RMI TCP Accept-0) 10.756ms
[75.906s][info][gc] Out Of Memory (RMI TCP Accept-0)
[75.917s][info][gc] GC(900) Garbage Collection (Allocation Stall) 12M(100%)->12M(100%)
[75.917s][info][gc] Allocation Stall (RMI TCP Accept-0) 10.464ms
[75.927s][info][gc] GC(901) Garbage Collection (Allocation Stall) 12M(100%)->12M(100%)
[75.928s][info][gc] Allocation Stall (RMI TCP Accept-0) 10.593ms
[75.928s][info][gc] Out Of Memory (RMI TCP Accept-0)
[75.938s][info][gc] GC(902) Garbage Collection (Allocation Stall) 12M(100%)->12M(100%)
[75.938s][info][gc] Allocation Stall (RMI TCP Accept-0) 10.655ms
[75.949s][info][gc] GC(903) Garbage Collection (Allocation Stall) 12M(100%)->12M(100%)
[75.949s][info][gc] Allocation Stall (RMI TCP Accept-0) 10.388ms
[75.949s][info][gc] Out Of Memory (RMI TCP Accept-0)
[75.959s][info][gc] GC(904) Garbage Collection (Allocation Stall) 12M(100%)->12M(100%)
[75.959s][info][gc] Allocation Stall (RMI TCP Accept-0) 10.705ms
[75.970s][info][gc] GC(905) Garbage Collection (Allocation Stall) 12M(100%)->12M(100%)
[75.970s][info][gc] Allocation Stall (RMI TCP Accept-0) 10.550ms
[75.970s][info][gc] Out Of Memory (RMI TCP Accept-0)
[75.981s][info][gc] GC(906) Garbage Collection (Allocation Stall) 12M(100%)->12M(100%)
[75.981s][info][gc] Allocation Stall (RMI TCP Accept-0) 10.548ms
[75.991s][info][gc] GC(907) Garbage Collection (Allocation Stall) 12M(100%)->12M(100%)
[75.991s][info][gc] Allocation Stall (RMI TCP Accept-0) 10.302ms
[75.991s][info][gc] Out Of Memory (RMI TCP Accept-0)
[76.001s][info][gc] GC(908) Garbage Collection (Allocation Stall) 12M(100%)->12M(100%)
[76.002s][info][gc] Allocation Stall (RMI TCP Accept-0) 10.409ms
[76.012s][info][gc] GC(909) Garbage Collection (Allocation Stall) 12M(100%)->12M(100%)
[76.012s][info][gc] Allocation Stall (RMI TCP Accept-0) 10.698ms
[76.012s][info][gc] Out Of Memory (RMI TCP Accept-0)
[76.023s][info][gc] GC(910) Garbage Collection (Allocation Stall) 12M(100%)->12M(100%)
[76.023s][info][gc] Allocation Stall (RMI TCP Accept-0) 10.529ms
[76.033s][info][gc] GC(911) Garbage Collection (Allocation Stall) 12M(100%)->12M(100%)
[76.033s][info][gc] Allocation Stall (RMI TCP Accept-0) 10.574ms
[76.034s][info][gc] Out Of Memory (RMI TCP Accept-0)
[76.044s][info][gc] GC(912) Garbage Collection (Allocation Stall) 12M(100%)->12M(100%)
[76.044s][info][gc] Allocation Stall (RMI TCP Accept-0) 10.426ms
[76.054s][info][gc] GC(913) Garbage Collection (Allocation Stall) 12M(100%)->12M(100%)
[76.055s][info][gc] Allocation Stall (RMI TCP Accept-0) 10.488ms
[76.055s][info][gc] Out Of Memory (RMI TCP Accept-0)
[76.066s][info][gc] GC(914) Garbage Collection (Allocation Stall) 12M(100%)->12M(100%)
[76.066s][info][gc] Allocation Stall (RMI TCP Accept-0) 11.005ms
[76.078s][info][gc] GC(915) Garbage Collection (Allocation Stall) 12M(100%)->12M(100%)
[76.079s][info][gc] Allocation Stall (RMI TCP Accept-0) 12.832ms
[76.079s][info][gc] Out Of Memory (RMI TCP Accept-0)
[76.089s][info][gc] GC(916) Garbage Collection (Allocation Stall) 12M(100%)->12M(100%)
[76.090s][info][gc] Allocation Stall (RMI TCP Accept-0) 10.924ms
[76.100s][info][gc] GC(917) Garbage Collection (Allocation Stall) 12M(100%)->12M(100%)
[76.100s][info][gc] Allocation Stall (RMI TCP Accept-0) 10.709ms
[76.100s][info][gc] Out Of Memory (RMI TCP Accept-0)
[76.111s][info][gc] GC(918) Garbage Collection (Allocation Stall) 12M(100%)->12M(100%)
[76.111s][info][gc] Allocation Stall (RMI TCP Accept-0) 10.511ms
[76.121s][info][gc] GC(919) Garbage Collection (Allocation Stall) 12M(100%)->12M(100%)
[76.121s][info][gc] Allocation Stall (RMI TCP Accept-0) 10.416ms
[76.121s][info][gc] Out Of Memory (RMI TCP Accept-0)
[76.132s][info][gc] GC(920) Garbage Collection (Allocation Stall) 12M(100%)->12M(100%)
[76.132s][info][gc] Allocation Stall (RMI TCP Accept-0) 10.565ms
[76.143s][info][gc] GC(921) Garbage Collection (Allocation Stall) 12M(100%)->12M(100%)
[76.143s][info][gc] Allocation Stall (RMI TCP Accept-0) 10.788ms
[76.143s][info][gc] Out Of Memory (RMI TCP Accept-0)
[76.153s][info][gc] GC(922) Garbage Collection (Allocation Stall) 12M(100%)->12M(100%)
[76.153s][info][gc] Allocation Stall (RMI TCP Accept-0) 10.406ms
[76.165s][info][gc] GC(923) Garbage Collection (Allocation Stall) 12M(100%)->12M(100%)
[76.165s][info][gc] Allocation Stall (RMI TCP Accept-0) 11.746ms
[76.165s][info][gc] Out Of Memory (RMI TCP Accept-0)
