[0.013s][info][gc] Using Serial
[4.161s][info][gc] GC(0) Pause Young (Allocation Failure) 4M->2M(15M) 3.761ms
[4.245s][info][gc] GC(1) Pause Young (Allocation Failure) 6M->2M(15M) 3.198ms
[4.310s][info][gc] GC(2) Pause Young (Allocation Failure) 7M->4M(15M) 3.471ms
[4.451s][info][gc] GC(3) Pause Young (Allocation Failure) 8M->4M(15M) 2.661ms
[4.643s][info][gc] GC(4) Pause Young (Allocation Failure) 8M->5M(15M) 3.392ms
[23.690s][info][gc] GC(5) Pause Young (Allocation Failure) 9M->5M(15M) 2.644ms
[37.390s][info][gc] GC(6) Pause Young (Allocation Failure) 9M->7M(15M) 2.991ms
[37.410s][info][gc] GC(7) Pause Young (Allocation Failure) 11M->9M(15M) 4.343ms
[37.426s][info][gc] GC(8) Pause Young (Allocation Failure) 13M->13M(15M) 0.038ms
[37.450s][info][gc] GC(9) Pause Full (Allocation Failure) 13M->8M(15M) 21.959ms
[37.471s][info][gc] GC(10) Pause Young (Allocation Failure) 12M->10M(15M) 4.789ms
[37.481s][info][gc] GC(11) Pause Young (Allocation Failure) 14M->14M(15M) 0.035ms
[37.503s][info][gc] GC(12) Pause Full (Allocation Failure) 14M->8M(15M) 22.023ms
[37.519s][info][gc] GC(13) Pause Young (Allocation Failure) 12M->10M(15M) 4.130ms
[54.719s][info][gc] GC(14) Pause Young (Allocation Failure) 14M->14M(15M) 0.033ms
[54.737s][info][gc] GC(15) Pause Full (Allocation Failure) 14M->6M(15M) 18.385ms
[97.754s][info][gc] GC(16) Pause Young (Allocation Failure) 11M->6M(15M) 1.135ms
[106.539s][info][gc] GC(17) Pause Young (Allocation Failure) 11M->8M(15M) 2.544ms
[106.549s][info][gc] GC(18) Pause Young (Allocation Failure) 13M->13M(15M) 0.032ms
[106.572s][info][gc] GC(19) Pause Full (Allocation Failure) 13M->7M(15M) 23.493ms
[106.588s][info][gc] GC(20) Pause Young (Allocation Failure) 11M->9M(15M) 3.995ms
[106.597s][info][gc] GC(21) Pause Young (Allocation Failure) 14M->14M(15M) 0.036ms
[106.619s][info][gc] GC(22) Pause Full (Allocation Failure) 14M->7M(15M) 21.628ms
[106.634s][info][gc] GC(23) Pause Young (Allocation Failure) 12M->10M(15M) 4.131ms
[106.641s][info][gc] GC(24) Pause Young (Allocation Failure) 14M->14M(15M) 0.041ms
[106.661s][info][gc] GC(25) Pause Full (Allocation Failure) 14M->7M(15M) 19.219ms
[134.780s][info][gc] GC(26) Pause Young (Allocation Failure) 12M->8M(15M) 2.017ms
