[0.123s][info][gc] Using Serial
[1.252s][info][gc] GC(0) Pause Young (Allocation Failure) 4M->2M(15M) 3.780ms
[1.346s][info][gc] GC(1) Pause Young (Allocation Failure) 6M->2M(15M) 3.444ms
[1.417s][info][gc] GC(2) Pause Young (Allocation Failure) 7M->3M(15M) 3.400ms
[1.579s][info][gc] GC(3) Pause Young (Allocation Failure) 8M->4M(15M) 2.309ms
[1.784s][info][gc] GC(4) Pause Young (Allocation Failure) 8M->5M(15M) 3.878ms
[18.850s][info][gc] GC(5) Pause Young (Allocation Failure) 9M->5M(15M) 2.441ms
[33.441s][info][gc] GC(6) Pause Young (Allocation Failure) 9M->5M(15M) 1.179ms
[33.455s][info][gc] GC(7) Pause Young (Allocation Failure) 10M->5M(15M) 0.491ms
[33.467s][info][gc] GC(8) Pause Young (Allocation Failure) 10M->5M(15M) 0.438ms
[33.480s][info][gc] GC(9) Pause Young (Allocation Failure) 9M->5M(15M) 0.469ms
[33.488s][info][gc] GC(10) Pause Young (Allocation Failure) 10M->5M(15M) 0.412ms
[54.865s][info][gc] GC(11) Pause Young (Allocation Failure) 10M->5M(15M) 0.750ms
[93.855s][info][gc] GC(12) Pause Young (Allocation Failure) 10M->5M(15M) 0.584ms
[93.863s][info][gc] GC(13) Pause Young (Allocation Failure) 10M->5M(15M) 0.700ms
[93.870s][info][gc] GC(14) Pause Young (Allocation Failure) 9M->5M(15M) 0.500ms
[93.877s][info][gc] GC(15) Pause Young (Allocation Failure) 9M->5M(15M) 0.676ms
[93.884s][info][gc] GC(16) Pause Young (Allocation Failure) 10M->5M(15M) 0.591ms
[96.898s][info][gc] GC(17) Pause Young (Allocation Failure) 10M->5M(15M) 0.710ms
[140.931s][info][gc] GC(18) Pause Young (Allocation Failure) 10M->5M(15M) 0.688ms
