[0.012s][info][gc] Using Serial
[49.513s][info][gc] GC(0) Pause Young (Allocation Failure) 4M->2M(15M) 4.075ms
[49.608s][info][gc] GC(1) Pause Young (Allocation Failure) 6M->2M(15M) 3.574ms
[49.676s][info][gc] GC(2) Pause Young (Allocation Failure) 7M->3M(15M) 3.371ms
[50.478s][info][gc] GC(3) Pause Young (Allocation Failure) 8M->4M(15M) 2.533ms
[50.726s][info][gc] GC(4) Pause Young (Allocation Failure) 8M->5M(15M) 3.464ms
[65.810s][info][gc] GC(5) Pause Young (Allocation Failure) 9M->5M(15M) 2.437ms
[67.065s][info][gc] GC(6) Pause Young (Allocation Failure) 9M->7M(15M) 4.381ms
[67.084s][info][gc] GC(7) Pause Young (Allocation Failure) 12M->10M(15M) 3.969ms
[67.098s][info][gc] GC(8) Pause Young (Allocation Failure) 14M->14M(15M) 0.034ms
[67.121s][info][gc] GC(9) Pause Full (Allocation Failure) 14M->8M(15M) 21.921ms
[67.135s][info][gc] GC(10) Pause Young (Allocation Failure) 12M->12M(15M) 0.035ms
[67.156s][info][gc] GC(11) Pause Full (Allocation Failure) 12M->9M(15M) 21.010ms
[67.171s][info][gc] GC(12) Pause Young (Allocation Failure) 14M->14M(15M) 0.034ms
[67.188s][info][gc] GC(13) Pause Full (Allocation Failure) 14M->7M(15M) 16.980ms
[67.205s][info][gc] GC(14) Pause Young (Allocation Failure) 11M->9M(15M) 3.717ms
[105.811s][info][gc] GC(15) Pause Young (Allocation Failure) 13M->13M(15M) 0.040ms
[105.829s][info][gc] GC(16) Pause Full (Allocation Failure) 13M->5M(15M) 17.822ms
[147.065s][info][gc] GC(17) Pause Young (Allocation Failure) 9M->5M(15M) 0.875ms
[147.079s][info][gc] GC(18) Pause Young (Allocation Failure) 9M->7M(15M) 3.448ms
[147.092s][info][gc] GC(19) Pause Young (Allocation Failure) 12M->10M(15M) 3.436ms
[147.103s][info][gc] GC(20) Pause Young (Allocation Failure) 14M->14M(15M) 0.032ms
[147.128s][info][gc] GC(21) Pause Full (Allocation Failure) 14M->9M(15M) 24.394ms
[147.139s][info][gc] GC(22) Pause Young (Allocation Failure) 13M->13M(15M) 0.035ms
[147.162s][info][gc] GC(23) Pause Full (Allocation Failure) 13M->11M(15M) 22.987ms
[147.194s][info][gc] GC(24) Pause Full (Allocation Failure) 15M->6M(15M) 17.881ms
[147.206s][info][gc] GC(25) Pause Young (Allocation Failure) 11M->9M(15M) 3.581ms
[183.912s][info][gc] GC(26) Pause Young (Allocation Failure) 13M->13M(15M) 0.035ms
[183.930s][info][gc] GC(27) Pause Full (Allocation Failure) 13M->5M(15M) 17.370ms
