[0.013s][info][gc] Using Parallel
[1.019s][info][gc] GC(0) Pause Young (Allocation Failure) 3M->1M(11M) 1.845ms
[12.427s][info][gc] GC(1) Pause Young (Allocation Failure) 3M->3M(11M) 1.650ms
[17.766s][info][gc] GC(2) Pause Young (Allocation Failure) 6M->4M(11M) 1.942ms
[17.817s][info][gc] GC(3) Pause Young (Allocation Failure) 7M->5M(11M) 1.459ms
[17.866s][info][gc] GC(4) Pause Young (Allocation Failure) 8M->5M(11M) 2.535ms
[17.888s][info][gc] GC(5) Pause Young (Allocation Failure) 8M->6M(10M) 2.247ms
[17.901s][info][gc] GC(6) Pause Full (Ergonomics) 6M->5M(11M) 12.684ms
[18.029s][info][gc] GC(7) Pause Young (Allocation Failure) 7M->6M(11M) 0.779ms
[18.141s][info][gc] GC(8) Pause Young (Allocation Failure) 8M->6M(11M) 1.642ms
[18.219s][info][gc] GC(9) Pause Young (Allocation Failure) 8M->7M(11M) 1.790ms
[18.231s][info][gc] GC(10) Pause Full (Ergonomics) 7M->5M(11M) 11.954ms
[18.830s][info][gc] GC(11) Pause Young (Allocation Failure) 7M->6M(11M) 0.690ms
[25.406s][info][gc] GC(12) Pause Young (Allocation Failure) 8M->6M(11M) 0.893ms
[25.424s][info][gc] GC(13) Pause Full (Ergonomics) 6M->5M(11M) 17.421ms
[36.292s][info][gc] GC(14) Pause Young (Allocation Failure) 7M->5M(11M) 0.572ms
[56.300s][info][gc] GC(15) Pause Young (Allocation Failure) 7M->5M(11M) 0.526ms
[76.320s][info][gc] GC(16) Pause Young (Allocation Failure) 7M->6M(11M) 0.277ms
[97.318s][info][gc] GC(17) Pause Young (Allocation Failure) 8M->5M(11M) 0.348ms
[117.348s][info][gc] GC(18) Pause Young (Allocation Failure) 7M->6M(11M) 0.389ms
[138.357s][info][gc] GC(19) Pause Young (Allocation Failure) 8M->6M(11M) 0.263ms
[155.289s][info][gc] GC(20) Pause Young (Allocation Failure) 7M->6M(11M) 0.267ms
[166.375s][info][gc] GC(21) Pause Young (Allocation Failure) 8M->7M(11M) 0.282ms
[173.510s][info][gc] GC(22) Pause Young (Allocation Failure) 8M->7M(11M) 0.402ms
[173.513s][info][gc] GC(23) Pause Young (Allocation Failure) 9M->7M(11M) 0.425ms
[173.529s][info][gc] GC(24) Pause Full (Ergonomics) 7M->5M(11M) 15.763ms
[173.543s][info][gc] GC(25) Pause Young (Allocation Failure) 7M->5M(11M) 0.264ms
[173.552s][info][gc] GC(26) Pause Young (Allocation Failure) 7M->6M(11M) 0.207ms
[173.557s][info][gc] GC(27) Pause Young (Allocation Failure) 8M->6M(11M) 0.191ms
[173.559s][info][gc] GC(28) Pause Young (Allocation Failure) 8M->6M(11M) 0.137ms
[173.561s][info][gc] GC(29) Pause Young (Allocation Failure) 8M->6M(11M) 0.122ms
[173.564s][info][gc] GC(30) Pause Young (Allocation Failure) 8M->6M(11M) 0.139ms
[173.566s][info][gc] GC(31) Pause Young (Allocation Failure) 8M->6M(11M) 0.141ms
[173.569s][info][gc] GC(32) Pause Young (Allocation Failure) 8M->6M(11M) 0.111ms
[173.571s][info][gc] GC(33) Pause Young (Allocation Failure) 8M->7M(11M) 0.120ms
[173.573s][info][gc] GC(34) Pause Young (Allocation Failure) 9M->7M(11M) 0.185ms
[173.583s][info][gc] GC(35) Pause Full (Ergonomics) 7M->6M(11M) 9.088ms
[173.585s][info][gc] GC(36) Pause Young (Allocation Failure) 8M->6M(11M) 0.148ms
[173.587s][info][gc] GC(37) Pause Young (Allocation Failure) 8M->6M(11M) 0.138ms
[174.387s][info][gc] GC(38) Pause Young (Allocation Failure) 8M->6M(11M) 0.347ms
